Mifare_Classic.c:7:5:Mifare_Classic_Read	104	dynamic
Mifare_Classic.c:51:5:Mifare_Classic_Authenicate_Block	32	static
Mifare_Classic.c:73:5:Mifare_Classic_ReadDataBlock	16	static
Mifare_Classic.c:97:5:Mifare_Classic_DecodeTlv	8	static
Mifare_Classic.c:118:5:Mifare_Classic_GetNdefStartIndex	0	static
Mifare_Classic.c:132:9:Mifare_Classic_GetBufferSize	0	static
Mifare_Classic.c:149:5:Mifare_Classic_IsFirstBlock	0	static
Mifare_Classic.c:157:5:Mifare_Classic_IsTrailerBlock	0	static
Mifare_Classic.c:165:5:Mifare_Classic_Write	64	dynamic
Mifare_Classic.c:218:5:Mifare_Classic_WriteDataBlock	32	static
