Archive member included to satisfy reference by file (symbol)

/opt/st/stm32cubeide_1.0.2/plugins/com.st.stm32cube.ide.mcu.externaltools.gnu-tools-for-stm32.7-2018-q2-update.linux64_1.0.0.201904181610/tools/bin/../lib/gcc/arm-none-eabi/7.3.1/../../../../arm-none-eabi/lib/thumb/v6-m/libc_nano.a(lib_a-errno.o)
                              Src/syscalls.o (__errno)
/opt/st/stm32cubeide_1.0.2/plugins/com.st.stm32cube.ide.mcu.externaltools.gnu-tools-for-stm32.7-2018-q2-update.linux64_1.0.0.201904181610/tools/bin/../lib/gcc/arm-none-eabi/7.3.1/../../../../arm-none-eabi/lib/thumb/v6-m/libc_nano.a(lib_a-exit.o)
                              /opt/st/stm32cubeide_1.0.2/plugins/com.st.stm32cube.ide.mcu.externaltools.gnu-tools-for-stm32.7-2018-q2-update.linux64_1.0.0.201904181610/tools/bin/../lib/gcc/arm-none-eabi/7.3.1/../../../../arm-none-eabi/lib/thumb/v6-m/crt0.o (exit)
/opt/st/stm32cubeide_1.0.2/plugins/com.st.stm32cube.ide.mcu.externaltools.gnu-tools-for-stm32.7-2018-q2-update.linux64_1.0.0.201904181610/tools/bin/../lib/gcc/arm-none-eabi/7.3.1/../../../../arm-none-eabi/lib/thumb/v6-m/libc_nano.a(lib_a-impure.o)
                              /opt/st/stm32cubeide_1.0.2/plugins/com.st.stm32cube.ide.mcu.externaltools.gnu-tools-for-stm32.7-2018-q2-update.linux64_1.0.0.201904181610/tools/bin/../lib/gcc/arm-none-eabi/7.3.1/../../../../arm-none-eabi/lib/thumb/v6-m/libc_nano.a(lib_a-exit.o) (_global_impure_ptr)
/opt/st/stm32cubeide_1.0.2/plugins/com.st.stm32cube.ide.mcu.externaltools.gnu-tools-for-stm32.7-2018-q2-update.linux64_1.0.0.201904181610/tools/bin/../lib/gcc/arm-none-eabi/7.3.1/../../../../arm-none-eabi/lib/thumb/v6-m/libc_nano.a(lib_a-init.o)
                              /opt/st/stm32cubeide_1.0.2/plugins/com.st.stm32cube.ide.mcu.externaltools.gnu-tools-for-stm32.7-2018-q2-update.linux64_1.0.0.201904181610/tools/bin/../lib/gcc/arm-none-eabi/7.3.1/../../../../arm-none-eabi/lib/thumb/v6-m/crt0.o (__libc_init_array)
/opt/st/stm32cubeide_1.0.2/plugins/com.st.stm32cube.ide.mcu.externaltools.gnu-tools-for-stm32.7-2018-q2-update.linux64_1.0.0.201904181610/tools/bin/../lib/gcc/arm-none-eabi/7.3.1/../../../../arm-none-eabi/lib/thumb/v6-m/libc_nano.a(lib_a-memcmp.o)
                              Src/PN532.o (memcmp)
/opt/st/stm32cubeide_1.0.2/plugins/com.st.stm32cube.ide.mcu.externaltools.gnu-tools-for-stm32.7-2018-q2-update.linux64_1.0.0.201904181610/tools/bin/../lib/gcc/arm-none-eabi/7.3.1/../../../../arm-none-eabi/lib/thumb/v6-m/libc_nano.a(lib_a-memcpy-stub.o)
                              Src/Mifare_Classic.o (memcpy)
/opt/st/stm32cubeide_1.0.2/plugins/com.st.stm32cube.ide.mcu.externaltools.gnu-tools-for-stm32.7-2018-q2-update.linux64_1.0.0.201904181610/tools/bin/../lib/gcc/arm-none-eabi/7.3.1/../../../../arm-none-eabi/lib/thumb/v6-m/libc_nano.a(lib_a-memset.o)
                              /opt/st/stm32cubeide_1.0.2/plugins/com.st.stm32cube.ide.mcu.externaltools.gnu-tools-for-stm32.7-2018-q2-update.linux64_1.0.0.201904181610/tools/bin/../lib/gcc/arm-none-eabi/7.3.1/../../../../arm-none-eabi/lib/thumb/v6-m/crt0.o (memset)
/opt/st/stm32cubeide_1.0.2/plugins/com.st.stm32cube.ide.mcu.externaltools.gnu-tools-for-stm32.7-2018-q2-update.linux64_1.0.0.201904181610/tools/bin/../lib/gcc/arm-none-eabi/7.3.1/thumb/v6-m/libgcc.a(_udivsi3.o)
                              Drivers/STM32F0xx_HAL_Driver/Src/stm32f0xx_hal.o (__aeabi_uidiv)
/opt/st/stm32cubeide_1.0.2/plugins/com.st.stm32cube.ide.mcu.externaltools.gnu-tools-for-stm32.7-2018-q2-update.linux64_1.0.0.201904181610/tools/bin/../lib/gcc/arm-none-eabi/7.3.1/thumb/v6-m/libgcc.a(_divsi3.o)
                              Src/FN_RM01.o (__aeabi_idiv)
/opt/st/stm32cubeide_1.0.2/plugins/com.st.stm32cube.ide.mcu.externaltools.gnu-tools-for-stm32.7-2018-q2-update.linux64_1.0.0.201904181610/tools/bin/../lib/gcc/arm-none-eabi/7.3.1/thumb/v6-m/libgcc.a(_dvmd_tls.o)
                              /opt/st/stm32cubeide_1.0.2/plugins/com.st.stm32cube.ide.mcu.externaltools.gnu-tools-for-stm32.7-2018-q2-update.linux64_1.0.0.201904181610/tools/bin/../lib/gcc/arm-none-eabi/7.3.1/thumb/v6-m/libgcc.a(_udivsi3.o) (__aeabi_idiv0)

Allocating common symbols
Common symbol       size              file

uart2_rx_len        0x1               Src/usart.o
file_num            0x4               Src/main.o
uart1_rx_temp       0x1               Src/usart.o
uart2_rx_data       0x32              Src/usart.o
tag                 0x45a             Src/main.o
uwTick              0x4               Drivers/STM32F0xx_HAL_Driver/Src/stm32f0xx_hal.o
uart2_rx_temp       0x1               Src/usart.o
pFlash              0x20              Drivers/STM32F0xx_HAL_Driver/Src/stm32f0xx_hal_flash.o
file_name           0x4               Src/main.o
bufferSize          0x2               Src/Mifare_Ultralight.o
huart1              0x70              Src/usart.o
tagCapacity         0x2               Src/Mifare_Ultralight.o
messageLength       0x2               Src/Mifare_Ultralight.o
[...]
Memory Configuration

Name             Origin             Length             Attributes
RAM              0x0000000020000000 0x0000000000001800 xrw
FLASH            0x0000000008000000 0x0000000000008000 xr
*default*        0x0000000000000000 0xffffffffffffffff

Linker script and memory map

LOAD /opt/st/stm32cubeide_1.0.2/plugins/com.st.stm32cube.ide.mcu.externaltools.gnu-tools-for-stm32.7-2018-q2-update.linux64_1.0.0.201904181610/tools/bin/../lib/gcc/arm-none-eabi/7.3.1/thumb/v6-m/crti.o
LOAD /opt/st/stm32cubeide_1.0.2/plugins/com.st.stm32cube.ide.mcu.externaltools.gnu-tools-for-stm32.7-2018-q2-update.linux64_1.0.0.201904181610/tools/bin/../lib/gcc/arm-none-eabi/7.3.1/thumb/v6-m/crtbegin.o
LOAD /opt/st/stm32cubeide_1.0.2/plugins/com.st.stm32cube.ide.mcu.externaltools.gnu-tools-for-stm32.7-2018-q2-update.linux64_1.0.0.201904181610/tools/bin/../lib/gcc/arm-none-eabi/7.3.1/../../../../arm-none-eabi/lib/thumb/v6-m/crt0.o
LOAD Drivers/STM32F0xx_HAL_Driver/Src/stm32f0xx_hal.o
LOAD Drivers/STM32F0xx_HAL_Driver/Src/stm32f0xx_hal_cortex.o
LOAD Drivers/STM32F0xx_HAL_Driver/Src/stm32f0xx_hal_dma.o
LOAD Drivers/STM32F0xx_HAL_Driver/Src/stm32f0xx_hal_flash.o
LOAD Drivers/STM32F0xx_HAL_Driver/Src/stm32f0xx_hal_flash_ex.o
LOAD Drivers/STM32F0xx_HAL_Driver/Src/stm32f0xx_hal_gpio.o
LOAD Drivers/STM32F0xx_HAL_Driver/Src/stm32f0xx_hal_i2c.o
LOAD Drivers/STM32F0xx_HAL_Driver/Src/stm32f0xx_hal_i2c_ex.o
LOAD Drivers/STM32F0xx_HAL_Driver/Src/stm32f0xx_hal_pwr.o
LOAD Drivers/STM32F0xx_HAL_Driver/Src/stm32f0xx_hal_pwr_ex.o
LOAD Drivers/STM32F0xx_HAL_Driver/Src/stm32f0xx_hal_rcc.o
LOAD Drivers/STM32F0xx_HAL_Driver/Src/stm32f0xx_hal_rcc_ex.o
LOAD Drivers/STM32F0xx_HAL_Driver/Src/stm32f0xx_hal_tim.o
LOAD Drivers/STM32F0xx_HAL_Driver/Src/stm32f0xx_hal_tim_ex.o
LOAD Drivers/STM32F0xx_HAL_Driver/Src/stm32f0xx_hal_uart.o
LOAD Drivers/STM32F0xx_HAL_Driver/Src/stm32f0xx_hal_uart_ex.o
LOAD Src/FN_RM01.o
LOAD Src/Mifare_Classic.o
LOAD Src/Mifare_Ultralight.o
LOAD Src/NDEF_Message.o
LOAD Src/NDEF_Record.o
LOAD Src/NFC_Tag.o
LOAD Src/PN532.o
LOAD Src/gpio.o
LOAD Src/main.o
LOAD Src/stm32f0xx_hal_msp.o
LOAD Src/stm32f0xx_it.o
LOAD Src/syscalls.o
LOAD Src/sysmem.o
LOAD Src/system_stm32f0xx.o
LOAD Src/usart.o
LOAD Startup/startup_stm32f070f6px.o
START GROUP
LOAD /opt/st/stm32cubeide_1.0.2/plugins/com.st.stm32cube.ide.mcu.externaltools.gnu-tools-for-stm32.7-2018-q2-update.linux64_1.0.0.201904181610/tools/bin/../lib/gcc/arm-none-eabi/7.3.1/../../../../arm-none-eabi/lib/thumb/v6-m/libc_nano.a
LOAD /opt/st/stm32cubeide_1.0.2/plugins/com.st.stm32cube.ide.mcu.externaltools.gnu-tools-for-stm32.7-2018-q2-update.linux64_1.0.0.201904181610/tools/bin/../lib/gcc/arm-none-eabi/7.3.1/../../../../arm-none-eabi/lib/thumb/v6-m/libm.a
END GROUP
START GROUP
LOAD /opt/st/stm32cubeide_1.0.2/plugins/com.st.stm32cube.ide.mcu.externaltools.gnu-tools-for-stm32.7-2018-q2-update.linux64_1.0.0.201904181610/tools/bin/../lib/gcc/arm-none-eabi/7.3.1/thumb/v6-m/libgcc.a
LOAD /opt/st/stm32cubeide_1.0.2/plugins/com.st.stm32cube.ide.mcu.externaltools.gnu-tools-for-stm32.7-2018-q2-update.linux64_1.0.0.201904181610/tools/bin/../lib/gcc/arm-none-eabi/7.3.1/../../../../arm-none-eabi/lib/thumb/v6-m/libc_nano.a
END GROUP
START GROUP
LOAD /opt/st/stm32cubeide_1.0.2/plugins/com.st.stm32cube.ide.mcu.externaltools.gnu-tools-for-stm32.7-2018-q2-update.linux64_1.0.0.201904181610/tools/bin/../lib/gcc/arm-none-eabi/7.3.1/thumb/v6-m/libgcc.a
LOAD /opt/st/stm32cubeide_1.0.2/plugins/com.st.stm32cube.ide.mcu.externaltools.gnu-tools-for-stm32.7-2018-q2-update.linux64_1.0.0.201904181610/tools/bin/../lib/gcc/arm-none-eabi/7.3.1/../../../../arm-none-eabi/lib/thumb/v6-m/libc_nano.a
LOAD /opt/st/stm32cubeide_1.0.2/plugins/com.st.stm32cube.ide.mcu.externaltools.gnu-tools-for-stm32.7-2018-q2-update.linux64_1.0.0.201904181610/tools/bin/../lib/gcc/arm-none-eabi/7.3.1/../../../../arm-none-eabi/lib/thumb/v6-m/libnosys.a
END GROUP
START GROUP
LOAD /opt/st/stm32cubeide_1.0.2/plugins/com.st.stm32cube.ide.mcu.externaltools.gnu-tools-for-stm32.7-2018-q2-update.linux64_1.0.0.201904181610/tools/bin/../lib/gcc/arm-none-eabi/7.3.1/thumb/v6-m/libgcc.a
LOAD /opt/st/stm32cubeide_1.0.2/plugins/com.st.stm32cube.ide.mcu.externaltools.gnu-tools-for-stm32.7-2018-q2-update.linux64_1.0.0.201904181610/tools/bin/../lib/gcc/arm-none-eabi/7.3.1/../../../../arm-none-eabi/lib/thumb/v6-m/libc_nano.a
LOAD /opt/st/stm32cubeide_1.0.2/plugins/com.st.stm32cube.ide.mcu.externaltools.gnu-tools-for-stm32.7-2018-q2-update.linux64_1.0.0.201904181610/tools/bin/../lib/gcc/arm-none-eabi/7.3.1/../../../../arm-none-eabi/lib/thumb/v6-m/libnosys.a
END GROUP
LOAD /opt/st/stm32cubeide_1.0.2/plugins/com.st.stm32cube.ide.mcu.externaltools.gnu-tools-for-stm32.7-2018-q2-update.linux64_1.0.0.201904181610/tools/bin/../lib/gcc/arm-none-eabi/7.3.1/thumb/v6-m/crtend.o
LOAD /opt/st/stm32cubeide_1.0.2/plugins/com.st.stm32cube.ide.mcu.externaltools.gnu-tools-for-stm32.7-2018-q2-update.linux64_1.0.0.201904181610/tools/bin/../lib/gcc/arm-none-eabi/7.3.1/thumb/v6-m/crtn.o
                0x0000000020001800                _estack = 0x20001800
                0x0000000000000200                _Min_Heap_Size = 0x200
                0x0000000000000400                _Min_Stack_Size = 0x400

.isr_vector     0x0000000008000000       0xc0
                0x0000000008000000                . = ALIGN (0x4)
 *(.isr_vector)
 .isr_vector    0x0000000008000000       0xc0 Startup/startup_stm32f070f6px.o
                0x0000000008000000                g_pfnVectors
                0x00000000080000c0                . = ALIGN (0x4)

.text           0x00000000080000c0     0x4684
                0x00000000080000c0                . = ALIGN (0x4)
 *(.text)
 .text          0x00000000080000c0       0x48 /opt/st/stm32cubeide_1.0.2/plugins/com.st.stm32cube.ide.mcu.externaltools.gnu-tools-for-stm32.7-2018-q2-update.linux64_1.0.0.201904181610/tools/bin/../lib/gcc/arm-none-eabi/7.3.1/thumb/v6-m/crtbegin.o
 .text          0x0000000008000108      0x114 /opt/st/stm32cubeide_1.0.2/plugins/com.st.stm32cube.ide.mcu.externaltools.gnu-tools-for-stm32.7-2018-q2-update.linux64_1.0.0.201904181610/tools/bin/../lib/gcc/arm-none-eabi/7.3.1/thumb/v6-m/libgcc.a(_udivsi3.o)
                0x0000000008000108                __udivsi3
                0x0000000008000108                __aeabi_uidiv
                0x0000000008000214                __aeabi_uidivmod
 .text          0x000000000800021c      0x1d4 /opt/st/stm32cubeide_1.0.2/plugins/com.st.stm32cube.ide.mcu.externaltools.gnu-tools-for-stm32.7-2018-q2-update.linux64_1.0.0.201904181610/tools/bin/../lib/gcc/arm-none-eabi/7.3.1/thumb/v6-m/libgcc.a(_divsi3.o)
                0x000000000800021c                __aeabi_idiv
                0x000000000800021c                __divsi3
                0x00000000080003e8                __aeabi_idivmod
 .text          0x00000000080003f0        0x4 /opt/st/stm32cubeide_1.0.2/plugins/com.st.stm32cube.ide.mcu.externaltools.gnu-tools-for-stm32.7-2018-q2-update.linux64_1.0.0.201904181610/tools/bin/../lib/gcc/arm-none-eabi/7.3.1/thumb/v6-m/libgcc.a(_dvmd_tls.o)
                0x00000000080003f0                __aeabi_ldiv0
                0x00000000080003f0                __aeabi_idiv0
 *(.text*)
 .text.HAL_Init
                0x00000000080003f4       0x28 Drivers/STM32F0xx_HAL_Driver/Src/stm32f0xx_hal.o
                0x00000000080003f4                HAL_Init
 .text.HAL_InitTick
                0x000000000800041c       0x38 Drivers/STM32F0xx_HAL_Driver/Src/stm32f0xx_hal.o
                0x000000000800041c                HAL_InitTick
 .text.HAL_IncTick
                0x0000000008000454       0x18 Drivers/STM32F0xx_HAL_Driver/Src/stm32f0xx_hal.o
                0x0000000008000454                HAL_IncTick
 .text.HAL_GetTick
                0x000000000800046c       0x14 Drivers/STM32F0xx_HAL_Driver/Src/stm32f0xx_hal.o
                0x000000000800046c                HAL_GetTick
 .text.HAL_Delay
                0x0000000008000480       0x3a Drivers/STM32F0xx_HAL_Driver/Src/stm32f0xx_hal.o
                0x0000000008000480                HAL_Delay
 *fill*         0x00000000080004ba        0x2 
 .text.NVIC_EnableIRQ
                0x00000000080004bc       0x2c Drivers/STM32F0xx_HAL_Driver/Src/stm32f0xx_hal_cortex.o
 .text.NVIC_DisableIRQ
                0x00000000080004e8       0x30 Drivers/STM32F0xx_HAL_Driver/Src/stm32f0xx_hal_cortex.o
 .text.NVIC_SetPriority
                0x0000000008000518       0xdc Drivers/STM32F0xx_HAL_Driver/Src/stm32f0xx_hal_cortex.o
 .text.SysTick_Config
                0x00000000080005f4       0x48 Drivers/STM32F0xx_HAL_Driver/Src/stm32f0xx_hal_cortex.o
 .text.HAL_NVIC_SetPriority
                0x000000000800063c       0x2a Drivers/STM32F0xx_HAL_Driver/Src/stm32f0xx_hal_cortex.o
                0x000000000800063c                HAL_NVIC_SetPriority
 .text.HAL_NVIC_EnableIRQ
                0x0000000008000666       0x20 Drivers/STM32F0xx_HAL_Driver/Src/stm32f0xx_hal_cortex.o
                0x0000000008000666                HAL_NVIC_EnableIRQ
 .text.HAL_NVIC_DisableIRQ
                0x0000000008000686       0x20 Drivers/STM32F0xx_HAL_Driver/Src/stm32f0xx_hal_cortex.o
                0x0000000008000686                HAL_NVIC_DisableIRQ
 .text.HAL_SYSTICK_Config
                0x00000000080006a6       0x1a Drivers/STM32F0xx_HAL_Driver/Src/stm32f0xx_hal_cortex.o
                0x00000000080006a6                HAL_SYSTICK_Config
 .text.HAL_DMA_Abort_IT
                0x00000000080006c0       0x8c Drivers/STM32F0xx_HAL_Driver/Src/stm32f0xx_hal_dma.o
                0x00000000080006c0                HAL_DMA_Abort_IT
 .text.HAL_GPIO_Init
                0x000000000800074c      0x2e8 Drivers/STM32F0xx_HAL_Driver/Src/stm32f0xx_hal_gpio.o
                0x000000000800074c                HAL_GPIO_Init
 .text.HAL_GPIO_ReadPin
                0x0000000008000a34       0x3a Drivers/STM32F0xx_HAL_Driver/Src/stm32f0xx_hal_gpio.o
                0x0000000008000a34                HAL_GPIO_ReadPin
 *fill*         0x0000000008000a6e        0x2 
 .text.HAL_GPIO_EXTI_IRQHandler
                0x0000000008000a70       0x38 Drivers/STM32F0xx_HAL_Driver/Src/stm32f0xx_hal_gpio.o
                0x0000000008000a70                HAL_GPIO_EXTI_IRQHandler
 .text.HAL_RCC_OscConfig
                0x0000000008000aa8      0x5f0 Drivers/STM32F0xx_HAL_Driver/Src/stm32f0xx_hal_rcc.o
                0x0000000008000aa8                HAL_RCC_OscConfig
 .text.HAL_RCC_ClockConfig
                0x0000000008001098      0x1d0 Drivers/STM32F0xx_HAL_Driver/Src/stm32f0xx_hal_rcc.o
                0x0000000008001098                HAL_RCC_ClockConfig
 .text.HAL_RCC_GetSysClockFreq
                0x0000000008001268       0xcc Drivers/STM32F0xx_HAL_Driver/Src/stm32f0xx_hal_rcc.o
                0x0000000008001268                HAL_RCC_GetSysClockFreq
 .text.HAL_RCC_GetHCLKFreq
                0x0000000008001334       0x14 Drivers/STM32F0xx_HAL_Driver/Src/stm32f0xx_hal_rcc.o
                0x0000000008001334                HAL_RCC_GetHCLKFreq
 .text.HAL_RCC_GetPCLK1Freq
                0x0000000008001348       0x2c Drivers/STM32F0xx_HAL_Driver/Src/stm32f0xx_hal_rcc.o
                0x0000000008001348                HAL_RCC_GetPCLK1Freq
 .text.HAL_RCCEx_PeriphCLKConfig
                0x0000000008001374      0x1bc Drivers/STM32F0xx_HAL_Driver/Src/stm32f0xx_hal_rcc_ex.o
                0x0000000008001374                HAL_RCCEx_PeriphCLKConfig
 .text.HAL_UART_Init
                0x0000000008001530       0xb0 Drivers/STM32F0xx_HAL_Driver/Src/stm32f0xx_hal_uart.o
                0x0000000008001530                HAL_UART_Init
 .text.HAL_UART_Transmit
                0x00000000080015e0      0x146 Drivers/STM32F0xx_HAL_Driver/Src/stm32f0xx_hal_uart.o
                0x00000000080015e0                HAL_UART_Transmit
 *fill*         0x0000000008001726        0x2 
 .text.HAL_UART_Receive_IT
                0x0000000008001728      0x13c Drivers/STM32F0xx_HAL_Driver/Src/stm32f0xx_hal_uart.o
                0x0000000008001728                HAL_UART_Receive_IT
 .text.HAL_UART_IRQHandler
                0x0000000008001864      0x1f4 Drivers/STM32F0xx_HAL_Driver/Src/stm32f0xx_hal_uart.o
                0x0000000008001864                HAL_UART_IRQHandler
 .text.HAL_UART_TxCpltCallback
                0x0000000008001a58       0x10 Drivers/STM32F0xx_HAL_Driver/Src/stm32f0xx_hal_uart.o
                0x0000000008001a58                HAL_UART_TxCpltCallback
 .text.HAL_UART_ErrorCallback
                0x0000000008001a68       0x10 Drivers/STM32F0xx_HAL_Driver/Src/stm32f0xx_hal_uart.o
                0x0000000008001a68                HAL_UART_ErrorCallback
 .text.UART_SetConfig
                0x0000000008001a78      0x2ec Drivers/STM32F0xx_HAL_Driver/Src/stm32f0xx_hal_uart.o
                0x0000000008001a78                UART_SetConfig
 .text.UART_AdvFeatureConfig
                0x0000000008001d64      0x168 Drivers/STM32F0xx_HAL_Driver/Src/stm32f0xx_hal_uart.o
                0x0000000008001d64                UART_AdvFeatureConfig
 .text.UART_CheckIdleState
                0x0000000008001ecc       0x30 Drivers/STM32F0xx_HAL_Driver/Src/stm32f0xx_hal_uart.o
                0x0000000008001ecc                UART_CheckIdleState
 .text.UART_WaitOnFlagUntilTimeout
                0x0000000008001efc       0x98 Drivers/STM32F0xx_HAL_Driver/Src/stm32f0xx_hal_uart.o
                0x0000000008001efc                UART_WaitOnFlagUntilTimeout
 .text.UART_EndRxTransfer
                0x0000000008001f94       0x3c Drivers/STM32F0xx_HAL_Driver/Src/stm32f0xx_hal_uart.o
 .text.UART_DMAAbortOnError
                0x0000000008001fd0       0x2e Drivers/STM32F0xx_HAL_Driver/Src/stm32f0xx_hal_uart.o
 .text.UART_Transmit_IT
                0x0000000008001ffe       0xae Drivers/STM32F0xx_HAL_Driver/Src/stm32f0xx_hal_uart.o
                0x0000000008001ffe                UART_Transmit_IT
 .text.UART_EndTransmit_IT
                0x00000000080020ac       0x32 Drivers/STM32F0xx_HAL_Driver/Src/stm32f0xx_hal_uart.o
                0x00000000080020ac                UART_EndTransmit_IT
 *fill*         0x00000000080020de        0x2 
 .text.UART_Receive_IT
                0x00000000080020e0       0xf8 Drivers/STM32F0xx_HAL_Driver/Src/stm32f0xx_hal_uart.o
                0x00000000080020e0                UART_Receive_IT
 .text.FN_RM01_Get_File_Num
                0x00000000080021d8       0x7c Src/FN_RM01.o
                0x00000000080021d8                FN_RM01_Get_File_Num
 .text.FN_RM01_Play_Sound
                0x0000000008002254       0xc4 Src/FN_RM01.o
                0x0000000008002254                FN_RM01_Play_Sound
 .text.FN_RM01_Record_Sound
                0x0000000008002318       0xb4 Src/FN_RM01.o
                0x0000000008002318                FN_RM01_Record_Sound
 .text.FN_RM01_Stop_Record
                0x00000000080023cc       0x5c Src/FN_RM01.o
                0x00000000080023cc                FN_RM01_Stop_Record
 .text.FN_RM01_Remove_Sound
                0x0000000008002428       0xb4 Src/FN_RM01.o
                0x0000000008002428                FN_RM01_Remove_Sound
 .text.FN_RM01_Get_FileName
                0x00000000080024dc       0x96 Src/FN_RM01.o
                0x00000000080024dc                FN_RM01_Get_FileName
 *fill*         0x0000000008002572        0x2 
 .text.Mifare_Classic_Read
                0x0000000008002574      0x264 Src/Mifare_Classic.o
                0x0000000008002574                Mifare_Classic_Read
 .text.Mifare_Classic_Authenicate_Block
                0x00000000080027d8       0xa0 Src/Mifare_Classic.o
                0x00000000080027d8                Mifare_Classic_Authenicate_Block
 .text.Mifare_Classic_ReadDataBlock
                0x0000000008002878       0x78 Src/Mifare_Classic.o
                0x0000000008002878                Mifare_Classic_ReadDataBlock
 .text.Mifare_Classic_DecodeTlv
                0x00000000080028f0       0x92 Src/Mifare_Classic.o
                0x00000000080028f0                Mifare_Classic_DecodeTlv
 .text.Mifare_Classic_GetNdefStartIndex
                0x0000000008002982       0x44 Src/Mifare_Classic.o
                0x0000000008002982                Mifare_Classic_GetNdefStartIndex
 .text.Mifare_Classic_GetBufferSize
                0x00000000080029c6       0x4c Src/Mifare_Classic.o
                0x00000000080029c6                Mifare_Classic_GetBufferSize
 .text.Mifare_Classic_IsFirstBlock
                0x0000000008002a12       0x30 Src/Mifare_Classic.o
                0x0000000008002a12                Mifare_Classic_IsFirstBlock
 .text.Mifare_Classic_IsTrailerBlock
                0x0000000008002a42       0x34 Src/Mifare_Classic.o
                0x0000000008002a42                Mifare_Classic_IsTrailerBlock
 *fill*         0x0000000008002a76        0x2 
 .text.Mifare_Classic_Write
                0x0000000008002a78      0x2ac Src/Mifare_Classic.o
                0x0000000008002a78                Mifare_Classic_Write
 .text.Mifare_Classic_WriteDataBlock
                0x0000000008002d24       0x6c Src/Mifare_Classic.o
                0x0000000008002d24                Mifare_Classic_WriteDataBlock
 .text.Mifare_Ultralight_Read
                0x0000000008002d90      0x150 Src/Mifare_Ultralight.o
                0x0000000008002d90                Mifare_Ultralight_Read
 .text.Mifare_Ultralight_ReadPage
                0x0000000008002ee0       0x74 Src/Mifare_Ultralight.o
                0x0000000008002ee0                Mifare_Ultralight_ReadPage
 .text.findNdefMessage
                0x0000000008002f54       0x90 Src/Mifare_Ultralight.o
                0x0000000008002f54                findNdefMessage
 .text.readCapabilityContainer
                0x0000000008002fe4       0x30 Src/Mifare_Ultralight.o
                0x0000000008002fe4                readCapabilityContainer
 .text.calculateBufferSize
                0x0000000008003014       0x4c Src/Mifare_Ultralight.o
                0x0000000008003014                calculateBufferSize
 .text.Mifare_Ultralight_Write
                0x0000000008003060      0x1b0 Src/Mifare_Ultralight.o
                0x0000000008003060                Mifare_Ultralight_Write
 .text.Mifare_Ultralight_WritePage
                0x0000000008003210       0x58 Src/Mifare_Ultralight.o
                0x0000000008003210                Mifare_Ultralight_WritePage
 .text.NDEF_Message_Init
                0x0000000008003268       0x42 Src/NDEF_Message.o
                0x0000000008003268                NDEF_Message_Init
 .text.Get_NDEF_Message
                0x00000000080032aa      0x24c Src/NDEF_Message.o
                0x00000000080032aa                Get_NDEF_Message
 .text.NDEF_Message_GetEncodeSize
                0x00000000080034f6       0x52 Src/NDEF_Message.o
                0x00000000080034f6                NDEF_Message_GetEncodeSize
 .text.NDEF_Message_Encode
                0x0000000008003548       0x8a Src/NDEF_Message.o
                0x0000000008003548                NDEF_Message_Encode
 .text.NDEF_Record_Init
                0x00000000080035d2       0x56 Src/NDEF_Record.o
                0x00000000080035d2                NDEF_Record_Init
 .text.NDEF_Record_SetType
                0x0000000008003628       0x32 Src/NDEF_Record.o
                0x0000000008003628                NDEF_Record_SetType
 .text.NDEF_Record_SetId
                0x000000000800365a       0x34 Src/NDEF_Record.o
                0x000000000800365a                NDEF_Record_SetId
 .text.NDEF_Record_SetPayload
                0x000000000800368e       0x34 Src/NDEF_Record.o
                0x000000000800368e                NDEF_Record_SetPayload
 .text.NDEF_Record_GetEncodedSize
                0x00000000080036c2       0x5a Src/NDEF_Record.o
                0x00000000080036c2                NDEF_Record_GetEncodedSize
 .text.NDEF_Record_Encode
                0x000000000800371c       0xcc Src/NDEF_Record.o
                0x000000000800371c                NDEF_Record_Encode
 .text.NDEF_Record_GetTnfByte
                0x00000000080037e8       0x72 Src/NDEF_Record.o
                0x00000000080037e8                NDEF_Record_GetTnfByte
 *fill*         0x000000000800385a        0x2 
 .text.NDEF_Record_Create_TextRecord
                0x000000000800385c       0xec Src/NDEF_Record.o
                0x000000000800385c                NDEF_Record_Create_TextRecord
 .text.NFC_Clear_Tag
                0x0000000008003948      0x104 Src/NFC_Tag.o
                0x0000000008003948                NFC_Clear_Tag
 .text.PN532_WakeUp
                0x0000000008003a4c       0x44 Src/PN532.o
                0x0000000008003a4c                PN532_WakeUp
 .text.PN532_WriteCommand
                0x0000000008003a90      0x140 Src/PN532.o
                0x0000000008003a90                PN532_WriteCommand
 .text.PN532_Correct_AckFrame
                0x0000000008003bd0       0x38 Src/PN532.o
                0x0000000008003bd0                PN532_Correct_AckFrame
 .text.PN532_Correct_CheckSum
                0x0000000008003c08       0x70 Src/PN532.o
                0x0000000008003c08                PN532_Correct_CheckSum
 .text.PN532_SAMConfig
                0x0000000008003c78       0x3a Src/PN532.o
                0x0000000008003c78                PN532_SAMConfig
 *fill*         0x0000000008003cb2        0x2 
 .text.PN532_InListPassiveTarget
                0x0000000008003cb4       0x94 Src/PN532.o
                0x0000000008003cb4                PN532_InListPassiveTarget
 .text.PN532_Read_Tag
                0x0000000008003d48       0x4a Src/PN532.o
                0x0000000008003d48                PN532_Read_Tag
 .text.PN532_Write_Tag
                0x0000000008003d92       0x4a Src/PN532.o
                0x0000000008003d92                PN532_Write_Tag
 .text.MX_GPIO_Init
                0x0000000008003ddc      0x110 Src/gpio.o
                0x0000000008003ddc                MX_GPIO_Init
 .text.HAL_GPIO_EXTI_Callback
                0x0000000008003eec      0x110 Src/gpio.o
                0x0000000008003eec                HAL_GPIO_EXTI_Callback
 .text.main     0x0000000008003ffc       0xe0 Src/main.o
                0x0000000008003ffc                main
 .text.SystemClock_Config
                0x00000000080040dc       0xc4 Src/main.o
                0x00000000080040dc                SystemClock_Config
 .text.Error_Handler
                0x00000000080041a0        0xa Src/main.o
                0x00000000080041a0                Error_Handler
 *fill*         0x00000000080041aa        0x2 
 .text.HAL_MspInit
                0x00000000080041ac       0x48 Src/stm32f0xx_hal_msp.o
                0x00000000080041ac                HAL_MspInit
 .text.NMI_Handler
                0x00000000080041f4        0xa Src/stm32f0xx_it.o
                0x00000000080041f4                NMI_Handler
 .text.HardFault_Handler
                0x00000000080041fe        0x6 Src/stm32f0xx_it.o
                0x00000000080041fe                HardFault_Handler
 .text.SVC_Handler
                0x0000000008004204        0xa Src/stm32f0xx_it.o
                0x0000000008004204                SVC_Handler
 .text.PendSV_Handler
                0x000000000800420e        0xa Src/stm32f0xx_it.o
                0x000000000800420e                PendSV_Handler
 .text.SysTick_Handler
                0x0000000008004218        0xe Src/stm32f0xx_it.o
                0x0000000008004218                SysTick_Handler
 .text.EXTI4_15_IRQHandler
                0x0000000008004226       0x10 Src/stm32f0xx_it.o
                0x0000000008004226                EXTI4_15_IRQHandler
 *fill*         0x0000000008004236        0x2 
 .text.USART1_IRQHandler
                0x0000000008004238       0x18 Src/stm32f0xx_it.o
                0x0000000008004238                USART1_IRQHandler
 .text.USART2_IRQHandler
                0x0000000008004250       0x18 Src/stm32f0xx_it.o
                0x0000000008004250                USART2_IRQHandler
 .text.SystemInit
                0x0000000008004268       0x94 Src/system_stm32f0xx.o
                0x0000000008004268                SystemInit
 .text.MX_USART1_UART_Init
                0x00000000080042fc       0x60 Src/usart.o
                0x00000000080042fc                MX_USART1_UART_Init
 .text.MX_USART2_UART_Init
                0x000000000800435c       0x60 Src/usart.o
                0x000000000800435c                MX_USART2_UART_Init
 .text.HAL_UART_MspInit
                0x00000000080043bc      0x130 Src/usart.o
                0x00000000080043bc                HAL_UART_MspInit
 .text.HAL_UART_RxCpltCallback
                0x00000000080044ec       0x90 Src/usart.o
                0x00000000080044ec                HAL_UART_RxCpltCallback
 .text.get_rx_data_len
                0x000000000800457c       0x1c Src/usart.o
                0x000000000800457c                get_rx_data_len
 .text.clean_uart1_rx_data
                0x0000000008004598       0x44 Src/usart.o
                0x0000000008004598                clean_uart1_rx_data
 .text.clean_uart2_rx_data
                0x00000000080045dc       0x44 Src/usart.o
                0x00000000080045dc                clean_uart2_rx_data
 .text.Reset_Handler
                0x0000000008004620       0x80 Startup/startup_stm32f070f6px.o
                0x0000000008004620                Reset_Handler
 .text.Default_Handler
                0x00000000080046a0        0x2 Startup/startup_stm32f070f6px.o
                0x00000000080046a0                TIM1_CC_IRQHandler
                0x00000000080046a0                I2C1_IRQHandler
                0x00000000080046a0                SPI1_IRQHandler
                0x00000000080046a0                EXTI2_3_IRQHandler
                0x00000000080046a0                ADC1_IRQHandler
                0x00000000080046a0                TIM17_IRQHandler
                0x00000000080046a0                RTC_IRQHandler
                0x00000000080046a0                TIM16_IRQHandler
                0x00000000080046a0                TIM3_IRQHandler
                0x00000000080046a0                RCC_IRQHandler
                0x00000000080046a0                DMA1_Channel1_IRQHandler
                0x00000000080046a0                Default_Handler
                0x00000000080046a0                TIM14_IRQHandler
                0x00000000080046a0                DMA1_Channel4_5_IRQHandler
                0x00000000080046a0                EXTI0_1_IRQHandler
                0x00000000080046a0                USB_IRQHandler
                0x00000000080046a0                WWDG_IRQHandler
                0x00000000080046a0                DMA1_Channel2_3_IRQHandler
                0x00000000080046a0                FLASH_IRQHandler
                0x00000000080046a0                TIM1_BRK_UP_TRG_COM_IRQHandler
 *fill*         0x00000000080046a2        0x2 
 .text.__libc_init_array
                0x00000000080046a4       0x48 /opt/st/stm32cubeide_1.0.2/plugins/com.st.stm32cube.ide.mcu.externaltools.gnu-tools-for-stm32.7-2018-q2-update.linux64_1.0.0.201904181610/tools/bin/../lib/gcc/arm-none-eabi/7.3.1/../../../../arm-none-eabi/lib/thumb/v6-m/libc_nano.a(lib_a-init.o)
                0x00000000080046a4                __libc_init_array
 .text.memcmp   0x00000000080046ec       0x1e /opt/st/stm32cubeide_1.0.2/plugins/com.st.stm32cube.ide.mcu.externaltools.gnu-tools-for-stm32.7-2018-q2-update.linux64_1.0.0.201904181610/tools/bin/../lib/gcc/arm-none-eabi/7.3.1/../../../../arm-none-eabi/lib/thumb/v6-m/libc_nano.a(lib_a-memcmp.o)
                0x00000000080046ec                memcmp
 .text.memcpy   0x000000000800470a       0x12 /opt/st/stm32cubeide_1.0.2/plugins/com.st.stm32cube.ide.mcu.externaltools.gnu-tools-for-stm32.7-2018-q2-update.linux64_1.0.0.201904181610/tools/bin/../lib/gcc/arm-none-eabi/7.3.1/../../../../arm-none-eabi/lib/thumb/v6-m/libc_nano.a(lib_a-memcpy-stub.o)
                0x000000000800470a                memcpy
 .text.memset   0x000000000800471c       0x10 /opt/st/stm32cubeide_1.0.2/plugins/com.st.stm32cube.ide.mcu.externaltools.gnu-tools-for-stm32.7-2018-q2-update.linux64_1.0.0.201904181610/tools/bin/../lib/gcc/arm-none-eabi/7.3.1/../../../../arm-none-eabi/lib/thumb/v6-m/libc_nano.a(lib_a-memset.o)
                0x000000000800471c                memset
 *(.glue_7)
 .glue_7        0x000000000800472c        0x0 linker stubs
 *(.glue_7t)
 .glue_7t       0x000000000800472c        0x0 linker stubs
 *(.eh_frame)
 .eh_frame      0x000000000800472c        0x0 /opt/st/stm32cubeide_1.0.2/plugins/com.st.stm32cube.ide.mcu.externaltools.gnu-tools-for-stm32.7-2018-q2-update.linux64_1.0.0.201904181610/tools/bin/../lib/gcc/arm-none-eabi/7.3.1/thumb/v6-m/crtbegin.o
 *(.init)
 .init          0x000000000800472c        0x4 /opt/st/stm32cubeide_1.0.2/plugins/com.st.stm32cube.ide.mcu.externaltools.gnu-tools-for-stm32.7-2018-q2-update.linux64_1.0.0.201904181610/tools/bin/../lib/gcc/arm-none-eabi/7.3.1/thumb/v6-m/crti.o
                0x000000000800472c                _init
 .init          0x0000000008004730        0x8 /opt/st/stm32cubeide_1.0.2/plugins/com.st.stm32cube.ide.mcu.externaltools.gnu-tools-for-stm32.7-2018-q2-update.linux64_1.0.0.201904181610/tools/bin/../lib/gcc/arm-none-eabi/7.3.1/thumb/v6-m/crtn.o
 *(.fini)
 .fini          0x0000000008004738        0x4 /opt/st/stm32cubeide_1.0.2/plugins/com.st.stm32cube.ide.mcu.externaltools.gnu-tools-for-stm32.7-2018-q2-update.linux64_1.0.0.201904181610/tools/bin/../lib/gcc/arm-none-eabi/7.3.1/thumb/v6-m/crti.o
                0x0000000008004738                _fini
 .fini          0x000000000800473c        0x8 /opt/st/stm32cubeide_1.0.2/plugins/com.st.stm32cube.ide.mcu.externaltools.gnu-tools-for-stm32.7-2018-q2-update.linux64_1.0.0.201904181610/tools/bin/../lib/gcc/arm-none-eabi/7.3.1/thumb/v6-m/crtn.o
                0x0000000008004744                . = ALIGN (0x4)
                0x0000000008004744                _etext = .

.vfp11_veneer   0x0000000008004744        0x0
 .vfp11_veneer  0x0000000008004744        0x0 linker stubs

.v4_bx          0x0000000008004744        0x0
 .v4_bx         0x0000000008004744        0x0 linker stubs

.iplt           0x0000000008004744        0x0
 .iplt          0x0000000008004744        0x0 /opt/st/stm32cubeide_1.0.2/plugins/com.st.stm32cube.ide.mcu.externaltools.gnu-tools-for-stm32.7-2018-q2-update.linux64_1.0.0.201904181610/tools/bin/../lib/gcc/arm-none-eabi/7.3.1/thumb/v6-m/crtbegin.o

.rodata         0x0000000008004744       0x6c
                0x0000000008004744                . = ALIGN (0x4)
 *(.rodata)
 .rodata        0x0000000008004744       0x20 Drivers/STM32F0xx_HAL_Driver/Src/stm32f0xx_hal_rcc.o
 .rodata        0x0000000008004764        0x6 Src/Mifare_Classic.o
 *fill*         0x000000000800476a        0x2 
 .rodata        0x000000000800476c        0x3 Src/NDEF_Record.o
 *fill*         0x000000000800476f        0x1 
 .rodata        0x0000000008004770        0xe Src/PN532.o
 *fill*         0x000000000800477e        0x2 
 .rodata        0x0000000008004780        0xd Src/gpio.o
 *fill*         0x000000000800478d        0x3 
 .rodata        0x0000000008004790        0x5 Src/main.o
 *(.rodata*)
 *fill*         0x0000000008004795        0x3 
 .rodata.AHBPrescTable
                0x0000000008004798       0x10 Src/system_stm32f0xx.o
                0x0000000008004798                AHBPrescTable
 .rodata.APBPrescTable
                0x00000000080047a8        0x8 Src/system_stm32f0xx.o
                0x00000000080047a8                APBPrescTable
                0x00000000080047b0                . = ALIGN (0x4)

.rel.dyn        0x00000000080047b0        0x0
 .rel.iplt      0x00000000080047b0        0x0 /opt/st/stm32cubeide_1.0.2/plugins/com.st.stm32cube.ide.mcu.externaltools.gnu-tools-for-stm32.7-2018-q2-update.linux64_1.0.0.201904181610/tools/bin/../lib/gcc/arm-none-eabi/7.3.1/thumb/v6-m/crtbegin.o

.ARM.extab      0x00000000080047b0        0x0
                0x00000000080047b0                . = ALIGN (0x4)
 *(.ARM.extab* .gnu.linkonce.armextab.*)
                0x00000000080047b0                . = ALIGN (0x4)

.ARM            0x00000000080047b0        0x0
                0x00000000080047b0                . = ALIGN (0x4)
                0x00000000080047b0                __exidx_start = .
 *(.ARM.exidx*)
                0x00000000080047b0                __exidx_end = .
                0x00000000080047b0                . = ALIGN (0x4)

.preinit_array  0x00000000080047b0        0x0
                0x00000000080047b0                . = ALIGN (0x4)
                0x00000000080047b0                PROVIDE (__preinit_array_start = .)
 *(.preinit_array*)
                0x00000000080047b0                PROVIDE (__preinit_array_end = .)
                0x00000000080047b0                . = ALIGN (0x4)

.init_array     0x00000000080047b0        0x4
                0x00000000080047b0                . = ALIGN (0x4)
                0x00000000080047b0                PROVIDE (__init_array_start = .)
 *(SORT_BY_NAME(.init_array.*))
 *(.init_array*)
 .init_array    0x00000000080047b0        0x4 /opt/st/stm32cubeide_1.0.2/plugins/com.st.stm32cube.ide.mcu.externaltools.gnu-tools-for-stm32.7-2018-q2-update.linux64_1.0.0.201904181610/tools/bin/../lib/gcc/arm-none-eabi/7.3.1/thumb/v6-m/crtbegin.o
                0x00000000080047b4                PROVIDE (__init_array_end = .)
                0x00000000080047b4                . = ALIGN (0x4)

.fini_array     0x00000000080047b4        0x4
                0x00000000080047b4                . = ALIGN (0x4)
                [!provide]                        PROVIDE (__fini_array_start = .)
 *(SORT_BY_NAME(.fini_array.*))
 *(.fini_array*)
 .fini_array    0x00000000080047b4        0x4 /opt/st/stm32cubeide_1.0.2/plugins/com.st.stm32cube.ide.mcu.externaltools.gnu-tools-for-stm32.7-2018-q2-update.linux64_1.0.0.201904181610/tools/bin/../lib/gcc/arm-none-eabi/7.3.1/thumb/v6-m/crtbegin.o
                [!provide]                        PROVIDE (__fini_array_end = .)
                0x00000000080047b8                . = ALIGN (0x4)
                0x00000000080047b8                _sidata = LOADADDR (.data)

.data           0x0000000020000000        0x4 load address 0x00000000080047b8
                0x0000000020000000                . = ALIGN (0x4)
                0x0000000020000000                _sdata = .
 *(.data)
 *(.data*)
 .data.SystemCoreClock
                0x0000000020000000        0x4 Src/system_stm32f0xx.o
                0x0000000020000000                SystemCoreClock
                0x0000000020000004                . = ALIGN (0x4)
                0x0000000020000004                _edata = .

.igot.plt       0x0000000020000004        0x0 load address 0x00000000080047bc
 .igot.plt      0x0000000020000004        0x0 /opt/st/stm32cubeide_1.0.2/plugins/com.st.stm32cube.ide.mcu.externaltools.gnu-tools-for-stm32.7-2018-q2-update.linux64_1.0.0.201904181610/tools/bin/../lib/gcc/arm-none-eabi/7.3.1/thumb/v6-m/crtbegin.o
                0x0000000020000004                . = ALIGN (0x4)

.bss            0x0000000020000004      0x5e0 load address 0x00000000080047bc
                0x0000000020000004                _sbss = .
                0x0000000020000004                __bss_start__ = _sbss
 *(.bss)
 .bss           0x0000000020000004       0x1c /opt/st/stm32cubeide_1.0.2/plugins/com.st.stm32cube.ide.mcu.externaltools.gnu-tools-for-stm32.7-2018-q2-update.linux64_1.0.0.201904181610/tools/bin/../lib/gcc/arm-none-eabi/7.3.1/thumb/v6-m/crtbegin.o
 *(.bss*)
 .bss.is_recording
                0x0000000020000020        0x4 Src/main.o
                0x0000000020000020                is_recording
 *(COMMON)
 COMMON         0x0000000020000024        0x4 Drivers/STM32F0xx_HAL_Driver/Src/stm32f0xx_hal.o
                0x0000000020000024                uwTick
 COMMON         0x0000000020000028        0x8 Src/Mifare_Ultralight.o
                0x0000000020000028                bufferSize
                0x000000002000002a                tagCapacity
                0x000000002000002c                messageLength
                0x000000002000002e                ndefStartIndex
 COMMON         0x0000000020000030      0x464 Src/main.o
                0x0000000020000030                file_num
                0x0000000020000034                tag
                0x0000000020000490                file_name
 COMMON         0x0000000020000494      0x14d Src/usart.o
                0x0000000020000494                uart2_rx_len
                0x0000000020000495                uart1_rx_temp
                0x0000000020000498                uart2_rx_data
                0x00000000200004ca                uart2_rx_temp
                0x00000000200004cc                huart1
                0x000000002000053c                uart1_rx_data
                0x0000000020000570                huart2
                0x00000000200005e0                uart1_rx_len
                0x00000000200005e4                . = ALIGN (0x4)
 *fill*         0x00000000200005e1        0x3 
                0x00000000200005e4                _ebss = .
                0x00000000200005e4                __bss_end__ = _ebss

._user_heap_stack
                0x00000000200005e4      0x604 load address 0x00000000080047bc
                0x00000000200005e8                . = ALIGN (0x8)
 *fill*         0x00000000200005e4        0x4 
                0x00000000200005e8                PROVIDE (end = .)
                [!provide]                        PROVIDE (_end = .)
                0x00000000200007e8                . = (. + _Min_Heap_Size)
 *fill*         0x00000000200005e8      0x200 
                0x0000000020000be8                . = (. + _Min_Stack_Size)
 *fill*         0x00000000200007e8      0x400 
                0x0000000020000be8                . = ALIGN (0x8)

/DISCARD/
 libc.a(*)
 libm.a(*)
 libgcc.a(*)

.ARM.attributes
                0x0000000000000000       0x28
 *(.ARM.attributes)
 .ARM.attributes
                0x0000000000000000       0x1e /opt/st/stm32cubeide_1.0.2/plugins/com.st.stm32cube.ide.mcu.externaltools.gnu-tools-for-stm32.7-2018-q2-update.linux64_1.0.0.201904181610/tools/bin/../lib/gcc/arm-none-eabi/7.3.1/thumb/v6-m/crti.o
 .ARM.attributes
                0x000000000000001e       0x2c /opt/st/stm32cubeide_1.0.2/plugins/com.st.stm32cube.ide.mcu.externaltools.gnu-tools-for-stm32.7-2018-q2-update.linux64_1.0.0.201904181610/tools/bin/../lib/gcc/arm-none-eabi/7.3.1/thumb/v6-m/crtbegin.o
 .ARM.attributes
                0x000000000000004a       0x31 Drivers/STM32F0xx_HAL_Driver/Src/stm32f0xx_hal.o
 .ARM.attributes
                0x000000000000007b       0x31 Drivers/STM32F0xx_HAL_Driver/Src/stm32f0xx_hal_cortex.o
 .ARM.attributes
                0x00000000000000ac       0x31 Drivers/STM32F0xx_HAL_Driver/Src/stm32f0xx_hal_dma.o
 .ARM.attributes
                0x00000000000000dd       0x31 Drivers/STM32F0xx_HAL_Driver/Src/stm32f0xx_hal_gpio.o
 .ARM.attributes
                0x000000000000010e       0x31 Drivers/STM32F0xx_HAL_Driver/Src/stm32f0xx_hal_rcc.o
 .ARM.attributes
                0x000000000000013f       0x31 Drivers/STM32F0xx_HAL_Driver/Src/stm32f0xx_hal_rcc_ex.o
 .ARM.attributes
                0x0000000000000170       0x31 Drivers/STM32F0xx_HAL_Driver/Src/stm32f0xx_hal_uart.o
 .ARM.attributes
                0x00000000000001a1       0x31 Src/FN_RM01.o
 .ARM.attributes
                0x00000000000001d2       0x31 Src/Mifare_Classic.o
 .ARM.attributes
                0x0000000000000203       0x31 Src/Mifare_Ultralight.o
 .ARM.attributes
                0x0000000000000234       0x31 Src/NDEF_Message.o
 .ARM.attributes
                0x0000000000000265       0x31 Src/NDEF_Record.o
 .ARM.attributes
                0x0000000000000296       0x31 Src/NFC_Tag.o
 .ARM.attributes
                0x00000000000002c7       0x31 Src/PN532.o
 .ARM.attributes
                0x00000000000002f8       0x31 Src/gpio.o
 .ARM.attributes
                0x0000000000000329       0x31 Src/main.o
 .ARM.attributes
                0x000000000000035a       0x31 Src/stm32f0xx_hal_msp.o
 .ARM.attributes
                0x000000000000038b       0x31 Src/stm32f0xx_it.o
 .ARM.attributes
                0x00000000000003bc       0x31 Src/system_stm32f0xx.o
 .ARM.attributes
                0x00000000000003ed       0x31 Src/usart.o
 .ARM.attributes
                0x000000000000041e       0x21 Startup/startup_stm32f070f6px.o
 .ARM.attributes
                0x000000000000043f       0x2c /opt/st/stm32cubeide_1.0.2/plugins/com.st.stm32cube.ide.mcu.externaltools.gnu-tools-for-stm32.7-2018-q2-update.linux64_1.0.0.201904181610/tools/bin/../lib/gcc/arm-none-eabi/7.3.1/../../../../arm-none-eabi/lib/thumb/v6-m/libc_nano.a(lib_a-init.o)
 .ARM.attributes
                0x000000000000046b       0x2c /opt/st/stm32cubeide_1.0.2/plugins/com.st.stm32cube.ide.mcu.externaltools.gnu-tools-for-stm32.7-2018-q2-update.linux64_1.0.0.201904181610/tools/bin/../lib/gcc/arm-none-eabi/7.3.1/../../../../arm-none-eabi/lib/thumb/v6-m/libc_nano.a(lib_a-memcmp.o)
 .ARM.attributes
                0x0000000000000497       0x2c /opt/st/stm32cubeide_1.0.2/plugins/com.st.stm32cube.ide.mcu.externaltools.gnu-tools-for-stm32.7-2018-q2-update.linux64_1.0.0.201904181610/tools/bin/../lib/gcc/arm-none-eabi/7.3.1/../../../../arm-none-eabi/lib/thumb/v6-m/libc_nano.a(lib_a-memcpy-stub.o)
 .ARM.attributes
                0x00000000000004c3       0x2c /opt/st/stm32cubeide_1.0.2/plugins/com.st.stm32cube.ide.mcu.externaltools.gnu-tools-for-stm32.7-2018-q2-update.linux64_1.0.0.201904181610/tools/bin/../lib/gcc/arm-none-eabi/7.3.1/../../../../arm-none-eabi/lib/thumb/v6-m/libc_nano.a(lib_a-memset.o)
 .ARM.attributes
                0x00000000000004ef       0x1e /opt/st/stm32cubeide_1.0.2/plugins/com.st.stm32cube.ide.mcu.externaltools.gnu-tools-for-stm32.7-2018-q2-update.linux64_1.0.0.201904181610/tools/bin/../lib/gcc/arm-none-eabi/7.3.1/thumb/v6-m/libgcc.a(_udivsi3.o)
 .ARM.attributes
                0x000000000000050d       0x1e /opt/st/stm32cubeide_1.0.2/plugins/com.st.stm32cube.ide.mcu.externaltools.gnu-tools-for-stm32.7-2018-q2-update.linux64_1.0.0.201904181610/tools/bin/../lib/gcc/arm-none-eabi/7.3.1/thumb/v6-m/libgcc.a(_divsi3.o)
 .ARM.attributes
                0x000000000000052b       0x1e /opt/st/stm32cubeide_1.0.2/plugins/com.st.stm32cube.ide.mcu.externaltools.gnu-tools-for-stm32.7-2018-q2-update.linux64_1.0.0.201904181610/tools/bin/../lib/gcc/arm-none-eabi/7.3.1/thumb/v6-m/libgcc.a(_dvmd_tls.o)
 .ARM.attributes
                0x0000000000000549       0x1e /opt/st/stm32cubeide_1.0.2/plugins/com.st.stm32cube.ide.mcu.externaltools.gnu-tools-for-stm32.7-2018-q2-update.linux64_1.0.0.201904181610/tools/bin/../lib/gcc/arm-none-eabi/7.3.1/thumb/v6-m/crtn.o
OUTPUT(TEDY_F0.elf elf32-littlearm)

.debug_info     0x0000000000000000    0x13624
 .debug_info    0x0000000000000000      0xda6 Drivers/STM32F0xx_HAL_Driver/Src/stm32f0xx_hal.o
 .debug_info    0x0000000000000da6      0xefd Drivers/STM32F0xx_HAL_Driver/Src/stm32f0xx_hal_cortex.o
 .debug_info    0x0000000000001ca3      0xf5a Drivers/STM32F0xx_HAL_Driver/Src/stm32f0xx_hal_dma.o
 .debug_info    0x0000000000002bfd      0xe43 Drivers/STM32F0xx_HAL_Driver/Src/stm32f0xx_hal_gpio.o
 .debug_info    0x0000000000003a40      0xf89 Drivers/STM32F0xx_HAL_Driver/Src/stm32f0xx_hal_rcc.o
 .debug_info    0x00000000000049c9      0xbc2 Drivers/STM32F0xx_HAL_Driver/Src/stm32f0xx_hal_rcc_ex.o
 .debug_info    0x000000000000558b     0x1b3f Drivers/STM32F0xx_HAL_Driver/Src/stm32f0xx_hal_uart.o
 .debug_info    0x00000000000070ca     0x106a Src/FN_RM01.o
 .debug_info    0x0000000000008134     0x1350 Src/Mifare_Classic.o
 .debug_info    0x0000000000009484     0x11eb Src/Mifare_Ultralight.o
 .debug_info    0x000000000000a66f      0xb9b Src/NDEF_Message.o
 .debug_info    0x000000000000b20a      0xbe7 Src/NDEF_Record.o
 .debug_info    0x000000000000bdf1      0xa6a Src/NFC_Tag.o
 .debug_info    0x000000000000c85b     0x1207 Src/PN532.o
 .debug_info    0x000000000000da62     0x12e4 Src/gpio.o
 .debug_info    0x000000000000ed46     0x129c Src/main.o
 .debug_info    0x000000000000ffe2      0xa1b Src/stm32f0xx_hal_msp.o
 .debug_info    0x00000000000109fd      0xeb4 Src/stm32f0xx_it.o
 .debug_info    0x00000000000118b1      0xa60 Src/system_stm32f0xx.o
 .debug_info    0x0000000000012311     0x12f1 Src/usart.o
 .debug_info    0x0000000000013602       0x22 Startup/startup_stm32f070f6px.o

.debug_abbrev   0x0000000000000000     0x2b9b
 .debug_abbrev  0x0000000000000000      0x26b Drivers/STM32F0xx_HAL_Driver/Src/stm32f0xx_hal.o
 .debug_abbrev  0x000000000000026b      0x314 Drivers/STM32F0xx_HAL_Driver/Src/stm32f0xx_hal_cortex.o
 .debug_abbrev  0x000000000000057f      0x27a Drivers/STM32F0xx_HAL_Driver/Src/stm32f0xx_hal_dma.o
 .debug_abbrev  0x00000000000007f9      0x251 Drivers/STM32F0xx_HAL_Driver/Src/stm32f0xx_hal_gpio.o
 .debug_abbrev  0x0000000000000a4a      0x286 Drivers/STM32F0xx_HAL_Driver/Src/stm32f0xx_hal_rcc.o
 .debug_abbrev  0x0000000000000cd0      0x228 Drivers/STM32F0xx_HAL_Driver/Src/stm32f0xx_hal_rcc_ex.o
 .debug_abbrev  0x0000000000000ef8      0x276 Drivers/STM32F0xx_HAL_Driver/Src/stm32f0xx_hal_uart.o
 .debug_abbrev  0x000000000000116e      0x225 Src/FN_RM01.o
 .debug_abbrev  0x0000000000001393      0x224 Src/Mifare_Classic.o
 .debug_abbrev  0x00000000000015b7      0x240 Src/Mifare_Ultralight.o
 .debug_abbrev  0x00000000000017f7      0x1f4 Src/NDEF_Message.o
 .debug_abbrev  0x00000000000019eb      0x1ed Src/NDEF_Record.o
 .debug_abbrev  0x0000000000001bd8      0x1aa Src/NFC_Tag.o
 .debug_abbrev  0x0000000000001d82      0x25c Src/PN532.o
 .debug_abbrev  0x0000000000001fde      0x215 Src/gpio.o
 .debug_abbrev  0x00000000000021f3      0x21d Src/main.o
 .debug_abbrev  0x0000000000002410      0x1ab Src/stm32f0xx_hal_msp.o
 .debug_abbrev  0x00000000000025bb      0x1ba Src/stm32f0xx_it.o
 .debug_abbrev  0x0000000000002775      0x1cd Src/system_stm32f0xx.o
 .debug_abbrev  0x0000000000002942      0x247 Src/usart.o
 .debug_abbrev  0x0000000000002b89       0x12 Startup/startup_stm32f070f6px.o

.debug_aranges  0x0000000000000000      0x860
 .debug_aranges
                0x0000000000000000       0xb8 Drivers/STM32F0xx_HAL_Driver/Src/stm32f0xx_hal.o
 .debug_aranges
                0x00000000000000b8       0xc0 Drivers/STM32F0xx_HAL_Driver/Src/stm32f0xx_hal_cortex.o
 .debug_aranges
                0x0000000000000178       0x88 Drivers/STM32F0xx_HAL_Driver/Src/stm32f0xx_hal_dma.o
 .debug_aranges
                0x0000000000000200       0x58 Drivers/STM32F0xx_HAL_Driver/Src/stm32f0xx_hal_gpio.o
 .debug_aranges
                0x0000000000000258       0x80 Drivers/STM32F0xx_HAL_Driver/Src/stm32f0xx_hal_rcc.o
 .debug_aranges
                0x00000000000002d8       0x30 Drivers/STM32F0xx_HAL_Driver/Src/stm32f0xx_hal_rcc_ex.o
 .debug_aranges
                0x0000000000000308      0x1d8 Drivers/STM32F0xx_HAL_Driver/Src/stm32f0xx_hal_uart.o
 .debug_aranges
                0x00000000000004e0       0x48 Src/FN_RM01.o
 .debug_aranges
                0x0000000000000528       0x68 Src/Mifare_Classic.o
 .debug_aranges
                0x0000000000000590       0x50 Src/Mifare_Ultralight.o
 .debug_aranges
                0x00000000000005e0       0x38 Src/NDEF_Message.o
 .debug_aranges
                0x0000000000000618       0x58 Src/NDEF_Record.o
 .debug_aranges
                0x0000000000000670       0x20 Src/NFC_Tag.o
 .debug_aranges
                0x0000000000000690       0x58 Src/PN532.o
 .debug_aranges
                0x00000000000006e8       0x28 Src/gpio.o
 .debug_aranges
                0x0000000000000710       0x30 Src/main.o
 .debug_aranges
                0x0000000000000740       0x20 Src/stm32f0xx_hal_msp.o
 .debug_aranges
                0x0000000000000760       0x58 Src/stm32f0xx_it.o
 .debug_aranges
                0x00000000000007b8       0x28 Src/system_stm32f0xx.o
 .debug_aranges
                0x00000000000007e0       0x58 Src/usart.o
 .debug_aranges
                0x0000000000000838       0x28 Startup/startup_stm32f070f6px.o

.debug_ranges   0x0000000000000000      0x730
 .debug_ranges  0x0000000000000000       0xa8 Drivers/STM32F0xx_HAL_Driver/Src/stm32f0xx_hal.o
 .debug_ranges  0x00000000000000a8       0xb0 Drivers/STM32F0xx_HAL_Driver/Src/stm32f0xx_hal_cortex.o
 .debug_ranges  0x0000000000000158       0x78 Drivers/STM32F0xx_HAL_Driver/Src/stm32f0xx_hal_dma.o
 .debug_ranges  0x00000000000001d0       0x48 Drivers/STM32F0xx_HAL_Driver/Src/stm32f0xx_hal_gpio.o
 .debug_ranges  0x0000000000000218       0x70 Drivers/STM32F0xx_HAL_Driver/Src/stm32f0xx_hal_rcc.o
 .debug_ranges  0x0000000000000288       0x20 Drivers/STM32F0xx_HAL_Driver/Src/stm32f0xx_hal_rcc_ex.o
 .debug_ranges  0x00000000000002a8      0x1c8 Drivers/STM32F0xx_HAL_Driver/Src/stm32f0xx_hal_uart.o
 .debug_ranges  0x0000000000000470       0x38 Src/FN_RM01.o
 .debug_ranges  0x00000000000004a8       0x58 Src/Mifare_Classic.o
 .debug_ranges  0x0000000000000500       0x40 Src/Mifare_Ultralight.o
 .debug_ranges  0x0000000000000540       0x40 Src/NDEF_Message.o
 .debug_ranges  0x0000000000000580       0x48 Src/NDEF_Record.o
 .debug_ranges  0x00000000000005c8       0x10 Src/NFC_Tag.o
 .debug_ranges  0x00000000000005d8       0x48 Src/PN532.o
 .debug_ranges  0x0000000000000620       0x18 Src/gpio.o
 .debug_ranges  0x0000000000000638       0x20 Src/main.o
 .debug_ranges  0x0000000000000658       0x10 Src/stm32f0xx_hal_msp.o
 .debug_ranges  0x0000000000000668       0x48 Src/stm32f0xx_it.o
 .debug_ranges  0x00000000000006b0       0x18 Src/system_stm32f0xx.o
 .debug_ranges  0x00000000000006c8       0x48 Src/usart.o
 .debug_ranges  0x0000000000000710       0x20 Startup/startup_stm32f070f6px.o

.debug_macro    0x0000000000000000     0xefd0
 .debug_macro   0x0000000000000000      0x315 Drivers/STM32F0xx_HAL_Driver/Src/stm32f0xx_hal.o
 .debug_macro   0x0000000000000315      0xa48 Drivers/STM32F0xx_HAL_Driver/Src/stm32f0xx_hal.o
 .debug_macro   0x0000000000000d5d       0xab Drivers/STM32F0xx_HAL_Driver/Src/stm32f0xx_hal.o
 .debug_macro   0x0000000000000e08       0x2e Drivers/STM32F0xx_HAL_Driver/Src/stm32f0xx_hal.o
 .debug_macro   0x0000000000000e36       0x22 Drivers/STM32F0xx_HAL_Driver/Src/stm32f0xx_hal.o
 .debug_macro   0x0000000000000e58       0x22 Drivers/STM32F0xx_HAL_Driver/Src/stm32f0xx_hal.o
 .debug_macro   0x0000000000000e7a       0x8e Drivers/STM32F0xx_HAL_Driver/Src/stm32f0xx_hal.o
 .debug_macro   0x0000000000000f08       0x51 Drivers/STM32F0xx_HAL_Driver/Src/stm32f0xx_hal.o
 .debug_macro   0x0000000000000f59       0xef Drivers/STM32F0xx_HAL_Driver/Src/stm32f0xx_hal.o
 .debug_macro   0x0000000000001048       0x6a Drivers/STM32F0xx_HAL_Driver/Src/stm32f0xx_hal.o
 .debug_macro   0x00000000000010b2      0x1df Drivers/STM32F0xx_HAL_Driver/Src/stm32f0xx_hal.o
 .debug_macro   0x0000000000001291       0x34 Drivers/STM32F0xx_HAL_Driver/Src/stm32f0xx_hal.o
 .debug_macro   0x00000000000012c5       0x26 Drivers/STM32F0xx_HAL_Driver/Src/stm32f0xx_hal.o
 .debug_macro   0x00000000000012eb      0x30d Drivers/STM32F0xx_HAL_Driver/Src/stm32f0xx_hal.o
 .debug_macro   0x00000000000015f8     0x72ce Drivers/STM32F0xx_HAL_Driver/Src/stm32f0xx_hal.o
 .debug_macro   0x00000000000088c6       0x3c Drivers/STM32F0xx_HAL_Driver/Src/stm32f0xx_hal.o
 .debug_macro   0x0000000000008902       0x46 Drivers/STM32F0xx_HAL_Driver/Src/stm32f0xx_hal.o
 .debug_macro   0x0000000000008948       0x18 Drivers/STM32F0xx_HAL_Driver/Src/stm32f0xx_hal.o
 .debug_macro   0x0000000000008960       0x3c Drivers/STM32F0xx_HAL_Driver/Src/stm32f0xx_hal.o
 .debug_macro   0x000000000000899c       0x34 Drivers/STM32F0xx_HAL_Driver/Src/stm32f0xx_hal.o
 .debug_macro   0x00000000000089d0       0x16 Drivers/STM32F0xx_HAL_Driver/Src/stm32f0xx_hal.o
 .debug_macro   0x00000000000089e6       0x97 Drivers/STM32F0xx_HAL_Driver/Src/stm32f0xx_hal.o
 .debug_macro   0x0000000000008a7d      0x330 Drivers/STM32F0xx_HAL_Driver/Src/stm32f0xx_hal.o
 .debug_macro   0x0000000000008dad       0xfd Drivers/STM32F0xx_HAL_Driver/Src/stm32f0xx_hal.o
 .debug_macro   0x0000000000008eaa       0x10 Drivers/STM32F0xx_HAL_Driver/Src/stm32f0xx_hal.o
 .debug_macro   0x0000000000008eba       0x52 Drivers/STM32F0xx_HAL_Driver/Src/stm32f0xx_hal.o
 .debug_macro   0x0000000000008f0c       0x1f Drivers/STM32F0xx_HAL_Driver/Src/stm32f0xx_hal.o
 .debug_macro   0x0000000000008f2b       0x43 Drivers/STM32F0xx_HAL_Driver/Src/stm32f0xx_hal.o
 .debug_macro   0x0000000000008f6e       0x20 Drivers/STM32F0xx_HAL_Driver/Src/stm32f0xx_hal.o
 .debug_macro   0x0000000000008f8e      0x1a3 Drivers/STM32F0xx_HAL_Driver/Src/stm32f0xx_hal.o
 .debug_macro   0x0000000000009131       0x10 Drivers/STM32F0xx_HAL_Driver/Src/stm32f0xx_hal.o
 .debug_macro   0x0000000000009141       0x1c Drivers/STM32F0xx_HAL_Driver/Src/stm32f0xx_hal.o
 .debug_macro   0x000000000000915d       0x52 Drivers/STM32F0xx_HAL_Driver/Src/stm32f0xx_hal.o
 .debug_macro   0x00000000000091af       0x40 Drivers/STM32F0xx_HAL_Driver/Src/stm32f0xx_hal.o
 .debug_macro   0x00000000000091ef       0x10 Drivers/STM32F0xx_HAL_Driver/Src/stm32f0xx_hal.o
 .debug_macro   0x00000000000091ff       0x40 Drivers/STM32F0xx_HAL_Driver/Src/stm32f0xx_hal.o
 .debug_macro   0x000000000000923f       0xd7 Drivers/STM32F0xx_HAL_Driver/Src/stm32f0xx_hal.o
 .debug_macro   0x0000000000009316       0x1c Drivers/STM32F0xx_HAL_Driver/Src/stm32f0xx_hal.o
 .debug_macro   0x0000000000009332       0x3d Drivers/STM32F0xx_HAL_Driver/Src/stm32f0xx_hal.o
 .debug_macro   0x000000000000936f       0x16 Drivers/STM32F0xx_HAL_Driver/Src/stm32f0xx_hal.o
 .debug_macro   0x0000000000009385      0x145 Drivers/STM32F0xx_HAL_Driver/Src/stm32f0xx_hal.o
 .debug_macro   0x00000000000094ca       0x50 Drivers/STM32F0xx_HAL_Driver/Src/stm32f0xx_hal.o
 .debug_macro   0x000000000000951a      0x92f Drivers/STM32F0xx_HAL_Driver/Src/stm32f0xx_hal.o
 .debug_macro   0x0000000000009e49      0x19b Drivers/STM32F0xx_HAL_Driver/Src/stm32f0xx_hal.o
 .debug_macro   0x0000000000009fe4      0x13a Drivers/STM32F0xx_HAL_Driver/Src/stm32f0xx_hal.o
 .debug_macro   0x000000000000a11e       0xea Drivers/STM32F0xx_HAL_Driver/Src/stm32f0xx_hal.o
 .debug_macro   0x000000000000a208      0x1ed Drivers/STM32F0xx_HAL_Driver/Src/stm32f0xx_hal.o
 .debug_macro   0x000000000000a3f5       0x34 Drivers/STM32F0xx_HAL_Driver/Src/stm32f0xx_hal.o
 .debug_macro   0x000000000000a429       0x43 Drivers/STM32F0xx_HAL_Driver/Src/stm32f0xx_hal.o
 .debug_macro   0x000000000000a46c       0x28 Drivers/STM32F0xx_HAL_Driver/Src/stm32f0xx_hal.o
 .debug_macro   0x000000000000a494       0xb6 Drivers/STM32F0xx_HAL_Driver/Src/stm32f0xx_hal.o
 .debug_macro   0x000000000000a54a      0x15a Drivers/STM32F0xx_HAL_Driver/Src/stm32f0xx_hal.o
 .debug_macro   0x000000000000a6a4      0x202 Drivers/STM32F0xx_HAL_Driver/Src/stm32f0xx_hal.o
 .debug_macro   0x000000000000a8a6       0x61 Drivers/STM32F0xx_HAL_Driver/Src/stm32f0xx_hal.o
 .debug_macro   0x000000000000a907       0x90 Drivers/STM32F0xx_HAL_Driver/Src/stm32f0xx_hal.o
 .debug_macro   0x000000000000a997       0x4d Drivers/STM32F0xx_HAL_Driver/Src/stm32f0xx_hal.o
 .debug_macro   0x000000000000a9e4       0x34 Drivers/STM32F0xx_HAL_Driver/Src/stm32f0xx_hal.o
 .debug_macro   0x000000000000aa18      0x37c Drivers/STM32F0xx_HAL_Driver/Src/stm32f0xx_hal.o
 .debug_macro   0x000000000000ad94      0x168 Drivers/STM32F0xx_HAL_Driver/Src/stm32f0xx_hal.o
 .debug_macro   0x000000000000aefc      0x104 Drivers/STM32F0xx_HAL_Driver/Src/stm32f0xx_hal.o
 .debug_macro   0x000000000000b000      0x2f1 Drivers/STM32F0xx_HAL_Driver/Src/stm32f0xx_hal_cortex.o
 .debug_macro   0x000000000000b2f1      0x2f1 Drivers/STM32F0xx_HAL_Driver/Src/stm32f0xx_hal_dma.o
 .debug_macro   0x000000000000b5e2      0x329 Drivers/STM32F0xx_HAL_Driver/Src/stm32f0xx_hal_gpio.o
 .debug_macro   0x000000000000b90b      0x303 Drivers/STM32F0xx_HAL_Driver/Src/stm32f0xx_hal_rcc.o
 .debug_macro   0x000000000000bc0e      0x2f1 Drivers/STM32F0xx_HAL_Driver/Src/stm32f0xx_hal_rcc_ex.o
 .debug_macro   0x000000000000beff      0x2f9 Drivers/STM32F0xx_HAL_Driver/Src/stm32f0xx_hal_uart.o
 .debug_macro   0x000000000000c1f8      0x315 Src/FN_RM01.o
 .debug_macro   0x000000000000c50d      0x3c8 Src/Mifare_Classic.o
 .debug_macro   0x000000000000c8d5       0x16 Src/Mifare_Classic.o
 .debug_macro   0x000000000000c8eb       0x35 Src/Mifare_Classic.o
 .debug_macro   0x000000000000c920       0x20 Src/Mifare_Classic.o
 .debug_macro   0x000000000000c940       0x16 Src/Mifare_Classic.o
 .debug_macro   0x000000000000c956       0x16 Src/Mifare_Classic.o
 .debug_macro   0x000000000000c96c       0x29 Src/Mifare_Classic.o
 .debug_macro   0x000000000000c995       0x34 Src/Mifare_Classic.o
 .debug_macro   0x000000000000c9c9       0x10 Src/Mifare_Classic.o
 .debug_macro   0x000000000000c9d9       0x58 Src/Mifare_Classic.o
 .debug_macro   0x000000000000ca31      0x3bb Src/Mifare_Ultralight.o
 .debug_macro   0x000000000000cdec       0x28 Src/Mifare_Ultralight.o
 .debug_macro   0x000000000000ce14      0x374 Src/NDEF_Message.o
 .debug_macro   0x000000000000d188      0x364 Src/NDEF_Record.o
 .debug_macro   0x000000000000d4ec      0x383 Src/NFC_Tag.o
 .debug_macro   0x000000000000d86f      0x3be Src/PN532.o
 .debug_macro   0x000000000000dc2d      0x3cb Src/gpio.o
 .debug_macro   0x000000000000dff8       0x10 Src/gpio.o
 .debug_macro   0x000000000000e008      0x3cc Src/main.o
 .debug_macro   0x000000000000e3d4      0x2fb Src/stm32f0xx_hal_msp.o
 .debug_macro   0x000000000000e6cf      0x305 Src/stm32f0xx_it.o
 .debug_macro   0x000000000000e9d4      0x2f1 Src/system_stm32f0xx.o
 .debug_macro   0x000000000000ecc5      0x30b Src/usart.o

.debug_line     0x0000000000000000     0xbf90
 .debug_line    0x0000000000000000      0x966 Drivers/STM32F0xx_HAL_Driver/Src/stm32f0xx_hal.o
 .debug_line    0x0000000000000966      0x9b8 Drivers/STM32F0xx_HAL_Driver/Src/stm32f0xx_hal_cortex.o
 .debug_line    0x000000000000131e      0xa02 Drivers/STM32F0xx_HAL_Driver/Src/stm32f0xx_hal_dma.o
 .debug_line    0x0000000000001d20      0x96c Drivers/STM32F0xx_HAL_Driver/Src/stm32f0xx_hal_gpio.o
 .debug_line    0x000000000000268c      0xa46 Drivers/STM32F0xx_HAL_Driver/Src/stm32f0xx_hal_rcc.o
 .debug_line    0x00000000000030d2      0x8ec Drivers/STM32F0xx_HAL_Driver/Src/stm32f0xx_hal_rcc_ex.o
 .debug_line    0x00000000000039be     0x1177 Drivers/STM32F0xx_HAL_Driver/Src/stm32f0xx_hal_uart.o
 .debug_line    0x0000000000004b35      0x8ed Src/FN_RM01.o
 .debug_line    0x0000000000005422      0xa0a Src/Mifare_Classic.o
 .debug_line    0x0000000000005e2c      0x9ba Src/Mifare_Ultralight.o
 .debug_line    0x00000000000067e6      0x8f9 Src/NDEF_Message.o
 .debug_line    0x00000000000070df      0x8ec Src/NDEF_Record.o
 .debug_line    0x00000000000079cb      0x895 Src/NFC_Tag.o
 .debug_line    0x0000000000008260      0x9a2 Src/PN532.o
 .debug_line    0x0000000000008c02      0x8e9 Src/gpio.o
 .debug_line    0x00000000000094eb      0x8e4 Src/main.o
 .debug_line    0x0000000000009dcf      0x7ed Src/stm32f0xx_hal_msp.o
 .debug_line    0x000000000000a5bc      0x877 Src/stm32f0xx_it.o
 .debug_line    0x000000000000ae33      0x815 Src/system_stm32f0xx.o
 .debug_line    0x000000000000b648      0x8b1 Src/usart.o
 .debug_line    0x000000000000bef9       0x97 Startup/startup_stm32f070f6px.o

.debug_str      0x0000000000000000    0x443eb
 .debug_str     0x0000000000000000    0x41f0b Drivers/STM32F0xx_HAL_Driver/Src/stm32f0xx_hal.o
                                      0x421cf (size before relaxing)
 .debug_str     0x0000000000041f0b      0x220 Drivers/STM32F0xx_HAL_Driver/Src/stm32f0xx_hal_cortex.o
                                      0x420b9 (size before relaxing)
 .debug_str     0x000000000004212b      0x403 Drivers/STM32F0xx_HAL_Driver/Src/stm32f0xx_hal_dma.o
                                      0x42101 (size before relaxing)
 .debug_str     0x000000000004252e      0x294 Drivers/STM32F0xx_HAL_Driver/Src/stm32f0xx_hal_gpio.o
                                      0x41fcb (size before relaxing)
 .debug_str     0x00000000000427c2      0x345 Drivers/STM32F0xx_HAL_Driver/Src/stm32f0xx_hal_rcc.o
                                      0x42108 (size before relaxing)
 .debug_str     0x0000000000042b07      0x158 Drivers/STM32F0xx_HAL_Driver/Src/stm32f0xx_hal_rcc_ex.o
                                      0x41e96 (size before relaxing)
 .debug_str     0x0000000000042c5f      0x8f2 Drivers/STM32F0xx_HAL_Driver/Src/stm32f0xx_hal_uart.o
                                      0x4285c (size before relaxing)
 .debug_str     0x0000000000043551      0x168 Src/FN_RM01.o
                                      0x42276 (size before relaxing)
 .debug_str     0x00000000000436b9      0x6b0 Src/Mifare_Classic.o
                                      0x4282e (size before relaxing)
 .debug_str     0x0000000000043d69      0x1ac Src/Mifare_Ultralight.o
                                      0x427e0 (size before relaxing)
 .debug_str     0x0000000000043f15       0x82 Src/NDEF_Message.o
                                      0x41f9e (size before relaxing)
 .debug_str     0x0000000000043f97       0xef Src/NDEF_Record.o
                                      0x41fd5 (size before relaxing)
 .debug_str     0x0000000000044086       0x1f Src/NFC_Tag.o
                                      0x41f86 (size before relaxing)
 .debug_str     0x00000000000440a5      0x11b Src/PN532.o
                                      0x42742 (size before relaxing)
 .debug_str     0x00000000000441c0       0x42 Src/gpio.o
                                      0x4288d (size before relaxing)
 .debug_str     0x0000000000044202       0x34 Src/main.o
                                      0x42978 (size before relaxing)
 .debug_str     0x0000000000044236       0x1b Src/stm32f0xx_hal_msp.o
                                      0x41d02 (size before relaxing)
 .debug_str     0x0000000000044251       0xa9 Src/stm32f0xx_it.o
                                      0x421a4 (size before relaxing)
 .debug_str     0x00000000000442fa       0x3b Src/system_stm32f0xx.o
                                      0x41d24 (size before relaxing)
 .debug_str     0x0000000000044335       0x85 Src/usart.o
                                      0x42476 (size before relaxing)
 .debug_str     0x00000000000443ba       0x31 Startup/startup_stm32f070f6px.o
                                         0x67 (size before relaxing)

.comment        0x0000000000000000       0x7b
 .comment       0x0000000000000000       0x7b Drivers/STM32F0xx_HAL_Driver/Src/stm32f0xx_hal.o
                                         0x7c (size before relaxing)
 .comment       0x000000000000007b       0x7c Drivers/STM32F0xx_HAL_Driver/Src/stm32f0xx_hal_cortex.o
 .comment       0x000000000000007b       0x7c Drivers/STM32F0xx_HAL_Driver/Src/stm32f0xx_hal_dma.o
 .comment       0x000000000000007b       0x7c Drivers/STM32F0xx_HAL_Driver/Src/stm32f0xx_hal_gpio.o
 .comment       0x000000000000007b       0x7c Drivers/STM32F0xx_HAL_Driver/Src/stm32f0xx_hal_rcc.o
 .comment       0x000000000000007b       0x7c Drivers/STM32F0xx_HAL_Driver/Src/stm32f0xx_hal_rcc_ex.o
 .comment       0x000000000000007b       0x7c Drivers/STM32F0xx_HAL_Driver/Src/stm32f0xx_hal_uart.o
 .comment       0x000000000000007b       0x7c Src/FN_RM01.o
 .comment       0x000000000000007b       0x7c Src/Mifare_Classic.o
 .comment       0x000000000000007b       0x7c Src/Mifare_Ultralight.o
 .comment       0x000000000000007b       0x7c Src/NDEF_Message.o
 .comment       0x000000000000007b       0x7c Src/NDEF_Record.o
 .comment       0x000000000000007b       0x7c Src/NFC_Tag.o
 .comment       0x000000000000007b       0x7c Src/PN532.o
 .comment       0x000000000000007b       0x7c Src/gpio.o
 .comment       0x000000000000007b       0x7c Src/main.o
 .comment       0x000000000000007b       0x7c Src/stm32f0xx_hal_msp.o
 .comment       0x000000000000007b       0x7c Src/stm32f0xx_it.o
 .comment       0x000000000000007b       0x7c Src/system_stm32f0xx.o
 .comment       0x000000000000007b       0x7c Src/usart.o

.debug_frame    0x0000000000000000     0x1ae8
 .debug_frame   0x0000000000000000      0x248 Drivers/STM32F0xx_HAL_Driver/Src/stm32f0xx_hal.o
 .debug_frame   0x0000000000000248      0x2a0 Drivers/STM32F0xx_HAL_Driver/Src/stm32f0xx_hal_cortex.o
 .debug_frame   0x00000000000004e8      0x1d0 Drivers/STM32F0xx_HAL_Driver/Src/stm32f0xx_hal_dma.o
 .debug_frame   0x00000000000006b8      0x110 Drivers/STM32F0xx_HAL_Driver/Src/stm32f0xx_hal_gpio.o
 .debug_frame   0x00000000000007c8      0x194 Drivers/STM32F0xx_HAL_Driver/Src/stm32f0xx_hal_rcc.o
 .debug_frame   0x000000000000095c       0x70 Drivers/STM32F0xx_HAL_Driver/Src/stm32f0xx_hal_rcc_ex.o
 .debug_frame   0x00000000000009cc      0x710 Drivers/STM32F0xx_HAL_Driver/Src/stm32f0xx_hal_uart.o
 .debug_frame   0x00000000000010dc       0xd0 Src/FN_RM01.o
 .debug_frame   0x00000000000011ac      0x158 Src/Mifare_Classic.o
 .debug_frame   0x0000000000001304       0xf4 Src/Mifare_Ultralight.o
 .debug_frame   0x00000000000013f8       0x90 Src/NDEF_Message.o
 .debug_frame   0x0000000000001488      0x114 Src/NDEF_Record.o
 .debug_frame   0x000000000000159c       0x30 Src/NFC_Tag.o
 .debug_frame   0x00000000000015cc      0x110 Src/PN532.o
 .debug_frame   0x00000000000016dc       0x50 Src/gpio.o
 .debug_frame   0x000000000000172c       0x68 Src/main.o
 .debug_frame   0x0000000000001794       0x30 Src/stm32f0xx_hal_msp.o
 .debug_frame   0x00000000000017c4       0xf0 Src/stm32f0xx_it.o
 .debug_frame   0x00000000000018b4       0x4c Src/system_stm32f0xx.o
 .debug_frame   0x0000000000001900      0x108 Src/usart.o
 .debug_frame   0x0000000000001a08       0x2c /opt/st/stm32cubeide_1.0.2/plugins/com.st.stm32cube.ide.mcu.externaltools.gnu-tools-for-stm32.7-2018-q2-update.linux64_1.0.0.201904181610/tools/bin/../lib/gcc/arm-none-eabi/7.3.1/../../../../arm-none-eabi/lib/thumb/v6-m/libc_nano.a(lib_a-init.o)
 .debug_frame   0x0000000000001a34       0x2c /opt/st/stm32cubeide_1.0.2/plugins/com.st.stm32cube.ide.mcu.externaltools.gnu-tools-for-stm32.7-2018-q2-update.linux64_1.0.0.201904181610/tools/bin/../lib/gcc/arm-none-eabi/7.3.1/../../../../arm-none-eabi/lib/thumb/v6-m/libc_nano.a(lib_a-memcmp.o)
 .debug_frame   0x0000000000001a60       0x28 /opt/st/stm32cubeide_1.0.2/plugins/com.st.stm32cube.ide.mcu.externaltools.gnu-tools-for-stm32.7-2018-q2-update.linux64_1.0.0.201904181610/tools/bin/../lib/gcc/arm-none-eabi/7.3.1/../../../../arm-none-eabi/lib/thumb/v6-m/libc_nano.a(lib_a-memcpy-stub.o)
 .debug_frame   0x0000000000001a88       0x20 /opt/st/stm32cubeide_1.0.2/plugins/com.st.stm32cube.ide.mcu.externaltools.gnu-tools-for-stm32.7-2018-q2-update.linux64_1.0.0.201904181610/tools/bin/../lib/gcc/arm-none-eabi/7.3.1/../../../../arm-none-eabi/lib/thumb/v6-m/libc_nano.a(lib_a-memset.o)
 .debug_frame   0x0000000000001aa8       0x20 /opt/st/stm32cubeide_1.0.2/plugins/com.st.stm32cube.ide.mcu.externaltools.gnu-tools-for-stm32.7-2018-q2-update.linux64_1.0.0.201904181610/tools/bin/../lib/gcc/arm-none-eabi/7.3.1/thumb/v6-m/libgcc.a(_udivsi3.o)
 .debug_frame   0x0000000000001ac8       0x20 /opt/st/stm32cubeide_1.0.2/plugins/com.st.stm32cube.ide.mcu.externaltools.gnu-tools-for-stm32.7-2018-q2-update.linux64_1.0.0.201904181610/tools/bin/../lib/gcc/arm-none-eabi/7.3.1/thumb/v6-m/libgcc.a(_divsi3.o)
