Archive member included to satisfy reference by file (symbol)

/opt/st/stm32cubeide_1.0.2/plugins/com.st.stm32cube.ide.mcu.externaltools.gnu-tools-for-stm32.7-2018-q2-update.linux64_1.0.0.201904181610/tools/bin/../lib/gcc/arm-none-eabi/7.3.1/../../../../arm-none-eabi/lib/thumb/v6-m/libc_nano.a(lib_a-errno.o)
                              Src/syscalls.o (__errno)
/opt/st/stm32cubeide_1.0.2/plugins/com.st.stm32cube.ide.mcu.externaltools.gnu-tools-for-stm32.7-2018-q2-update.linux64_1.0.0.201904181610/tools/bin/../lib/gcc/arm-none-eabi/7.3.1/../../../../arm-none-eabi/lib/thumb/v6-m/libc_nano.a(lib_a-exit.o)
                              /opt/st/stm32cubeide_1.0.2/plugins/com.st.stm32cube.ide.mcu.externaltools.gnu-tools-for-stm32.7-2018-q2-update.linux64_1.0.0.201904181610/tools/bin/../lib/gcc/arm-none-eabi/7.3.1/../../../../arm-none-eabi/lib/thumb/v6-m/crt0.o (exit)
/opt/st/stm32cubeide_1.0.2/plugins/com.st.stm32cube.ide.mcu.externaltools.gnu-tools-for-stm32.7-2018-q2-update.linux64_1.0.0.201904181610/tools/bin/../lib/gcc/arm-none-eabi/7.3.1/../../../../arm-none-eabi/lib/thumb/v6-m/libc_nano.a(lib_a-impure.o)
                              /opt/st/stm32cubeide_1.0.2/plugins/com.st.stm32cube.ide.mcu.externaltools.gnu-tools-for-stm32.7-2018-q2-update.linux64_1.0.0.201904181610/tools/bin/../lib/gcc/arm-none-eabi/7.3.1/../../../../arm-none-eabi/lib/thumb/v6-m/libc_nano.a(lib_a-exit.o) (_global_impure_ptr)
/opt/st/stm32cubeide_1.0.2/plugins/com.st.stm32cube.ide.mcu.externaltools.gnu-tools-for-stm32.7-2018-q2-update.linux64_1.0.0.201904181610/tools/bin/../lib/gcc/arm-none-eabi/7.3.1/../../../../arm-none-eabi/lib/thumb/v6-m/libc_nano.a(lib_a-init.o)
                              /opt/st/stm32cubeide_1.0.2/plugins/com.st.stm32cube.ide.mcu.externaltools.gnu-tools-for-stm32.7-2018-q2-update.linux64_1.0.0.201904181610/tools/bin/../lib/gcc/arm-none-eabi/7.3.1/../../../../arm-none-eabi/lib/thumb/v6-m/crt0.o (__libc_init_array)
/opt/st/stm32cubeide_1.0.2/plugins/com.st.stm32cube.ide.mcu.externaltools.gnu-tools-for-stm32.7-2018-q2-update.linux64_1.0.0.201904181610/tools/bin/../lib/gcc/arm-none-eabi/7.3.1/../../../../arm-none-eabi/lib/thumb/v6-m/libc_nano.a(lib_a-memcmp.o)
                              Src/PN532.o (memcmp)
/opt/st/stm32cubeide_1.0.2/plugins/com.st.stm32cube.ide.mcu.externaltools.gnu-tools-for-stm32.7-2018-q2-update.linux64_1.0.0.201904181610/tools/bin/../lib/gcc/arm-none-eabi/7.3.1/../../../../arm-none-eabi/lib/thumb/v6-m/libc_nano.a(lib_a-memcpy-stub.o)
                              Src/Mifare_Classic.o (memcpy)
/opt/st/stm32cubeide_1.0.2/plugins/com.st.stm32cube.ide.mcu.externaltools.gnu-tools-for-stm32.7-2018-q2-update.linux64_1.0.0.201904181610/tools/bin/../lib/gcc/arm-none-eabi/7.3.1/../../../../arm-none-eabi/lib/thumb/v6-m/libc_nano.a(lib_a-memset.o)
                              /opt/st/stm32cubeide_1.0.2/plugins/com.st.stm32cube.ide.mcu.externaltools.gnu-tools-for-stm32.7-2018-q2-update.linux64_1.0.0.201904181610/tools/bin/../lib/gcc/arm-none-eabi/7.3.1/../../../../arm-none-eabi/lib/thumb/v6-m/crt0.o (memset)
/opt/st/stm32cubeide_1.0.2/plugins/com.st.stm32cube.ide.mcu.externaltools.gnu-tools-for-stm32.7-2018-q2-update.linux64_1.0.0.201904181610/tools/bin/../lib/gcc/arm-none-eabi/7.3.1/thumb/v6-m/libgcc.a(_udivsi3.o)
                              Drivers/STM32F0xx_HAL_Driver/Src/stm32f0xx_hal.o (__aeabi_uidiv)
/opt/st/stm32cubeide_1.0.2/plugins/com.st.stm32cube.ide.mcu.externaltools.gnu-tools-for-stm32.7-2018-q2-update.linux64_1.0.0.201904181610/tools/bin/../lib/gcc/arm-none-eabi/7.3.1/thumb/v6-m/libgcc.a(_divsi3.o)
                              Drivers/STM32F0xx_HAL_Driver/Src/stm32f0xx_hal_rcc.o (__aeabi_idiv)
/opt/st/stm32cubeide_1.0.2/plugins/com.st.stm32cube.ide.mcu.externaltools.gnu-tools-for-stm32.7-2018-q2-update.linux64_1.0.0.201904181610/tools/bin/../lib/gcc/arm-none-eabi/7.3.1/thumb/v6-m/libgcc.a(_dvmd_tls.o)
                              /opt/st/stm32cubeide_1.0.2/plugins/com.st.stm32cube.ide.mcu.externaltools.gnu-tools-for-stm32.7-2018-q2-update.linux64_1.0.0.201904181610/tools/bin/../lib/gcc/arm-none-eabi/7.3.1/thumb/v6-m/libgcc.a(_udivsi3.o) (__aeabi_idiv0)

Allocating common symbols
Common symbol       size              file

uart2_rx_len        0x1               Src/usart.o
file_num            0x4               Src/main.o
uart1_rx_temp       0x1               Src/usart.o
uart2_rx_data       0x32              Src/usart.o
tag                 0x45a             Src/main.o
uwTick              0x4               Drivers/STM32F0xx_HAL_Driver/Src/stm32f0xx_hal.o
uart2_rx_temp       0x1               Src/usart.o
pFlash              0x20              Drivers/STM32F0xx_HAL_Driver/Src/stm32f0xx_hal_flash.o
file_name           0x4               Src/main.o
bufferSize          0x2               Src/Mifare_Ultralight.o
huart1              0x70              Src/usart.o
tagCapacity         0x2               Src/Mifare_Ultralight.o
messageLength       0x2               Src/Mifare_Ultralight.o
[...]
Memory Configuration

Name             Origin             Length             Attributes
RAM              0x0000000020000000 0x0000000000001800 xrw
FLASH            0x0000000008000000 0x0000000000008000 xr
*default*        0x0000000000000000 0xffffffffffffffff

Linker script and memory map

LOAD /opt/st/stm32cubeide_1.0.2/plugins/com.st.stm32cube.ide.mcu.externaltools.gnu-tools-for-stm32.7-2018-q2-update.linux64_1.0.0.201904181610/tools/bin/../lib/gcc/arm-none-eabi/7.3.1/thumb/v6-m/crti.o
LOAD /opt/st/stm32cubeide_1.0.2/plugins/com.st.stm32cube.ide.mcu.externaltools.gnu-tools-for-stm32.7-2018-q2-update.linux64_1.0.0.201904181610/tools/bin/../lib/gcc/arm-none-eabi/7.3.1/thumb/v6-m/crtbegin.o
LOAD /opt/st/stm32cubeide_1.0.2/plugins/com.st.stm32cube.ide.mcu.externaltools.gnu-tools-for-stm32.7-2018-q2-update.linux64_1.0.0.201904181610/tools/bin/../lib/gcc/arm-none-eabi/7.3.1/../../../../arm-none-eabi/lib/thumb/v6-m/crt0.o
LOAD Drivers/STM32F0xx_HAL_Driver/Src/stm32f0xx_hal.o
LOAD Drivers/STM32F0xx_HAL_Driver/Src/stm32f0xx_hal_cortex.o
LOAD Drivers/STM32F0xx_HAL_Driver/Src/stm32f0xx_hal_dma.o
LOAD Drivers/STM32F0xx_HAL_Driver/Src/stm32f0xx_hal_flash.o
LOAD Drivers/STM32F0xx_HAL_Driver/Src/stm32f0xx_hal_flash_ex.o
LOAD Drivers/STM32F0xx_HAL_Driver/Src/stm32f0xx_hal_gpio.o
LOAD Drivers/STM32F0xx_HAL_Driver/Src/stm32f0xx_hal_i2c.o
LOAD Drivers/STM32F0xx_HAL_Driver/Src/stm32f0xx_hal_i2c_ex.o
LOAD Drivers/STM32F0xx_HAL_Driver/Src/stm32f0xx_hal_pwr.o
LOAD Drivers/STM32F0xx_HAL_Driver/Src/stm32f0xx_hal_pwr_ex.o
LOAD Drivers/STM32F0xx_HAL_Driver/Src/stm32f0xx_hal_rcc.o
LOAD Drivers/STM32F0xx_HAL_Driver/Src/stm32f0xx_hal_rcc_ex.o
LOAD Drivers/STM32F0xx_HAL_Driver/Src/stm32f0xx_hal_tim.o
LOAD Drivers/STM32F0xx_HAL_Driver/Src/stm32f0xx_hal_tim_ex.o
LOAD Drivers/STM32F0xx_HAL_Driver/Src/stm32f0xx_hal_uart.o
LOAD Drivers/STM32F0xx_HAL_Driver/Src/stm32f0xx_hal_uart_ex.o
LOAD Src/FN_RM01.o
LOAD Src/Mifare_Classic.o
LOAD Src/Mifare_Ultralight.o
LOAD Src/NDEF_Message.o
LOAD Src/NDEF_Record.o
LOAD Src/NFC_Tag.o
LOAD Src/PN532.o
LOAD Src/gpio.o
LOAD Src/main.o
LOAD Src/stm32f0xx_hal_msp.o
LOAD Src/stm32f0xx_it.o
LOAD Src/syscalls.o
LOAD Src/sysmem.o
LOAD Src/system_stm32f0xx.o
LOAD Src/usart.o
LOAD Startup/startup_stm32f070f6px.o
START GROUP
LOAD /opt/st/stm32cubeide_1.0.2/plugins/com.st.stm32cube.ide.mcu.externaltools.gnu-tools-for-stm32.7-2018-q2-update.linux64_1.0.0.201904181610/tools/bin/../lib/gcc/arm-none-eabi/7.3.1/../../../../arm-none-eabi/lib/thumb/v6-m/libc_nano.a
LOAD /opt/st/stm32cubeide_1.0.2/plugins/com.st.stm32cube.ide.mcu.externaltools.gnu-tools-for-stm32.7-2018-q2-update.linux64_1.0.0.201904181610/tools/bin/../lib/gcc/arm-none-eabi/7.3.1/../../../../arm-none-eabi/lib/thumb/v6-m/libm.a
END GROUP
START GROUP
LOAD /opt/st/stm32cubeide_1.0.2/plugins/com.st.stm32cube.ide.mcu.externaltools.gnu-tools-for-stm32.7-2018-q2-update.linux64_1.0.0.201904181610/tools/bin/../lib/gcc/arm-none-eabi/7.3.1/thumb/v6-m/libgcc.a
LOAD /opt/st/stm32cubeide_1.0.2/plugins/com.st.stm32cube.ide.mcu.externaltools.gnu-tools-for-stm32.7-2018-q2-update.linux64_1.0.0.201904181610/tools/bin/../lib/gcc/arm-none-eabi/7.3.1/../../../../arm-none-eabi/lib/thumb/v6-m/libc_nano.a
END GROUP
START GROUP
LOAD /opt/st/stm32cubeide_1.0.2/plugins/com.st.stm32cube.ide.mcu.externaltools.gnu-tools-for-stm32.7-2018-q2-update.linux64_1.0.0.201904181610/tools/bin/../lib/gcc/arm-none-eabi/7.3.1/thumb/v6-m/libgcc.a
LOAD /opt/st/stm32cubeide_1.0.2/plugins/com.st.stm32cube.ide.mcu.externaltools.gnu-tools-for-stm32.7-2018-q2-update.linux64_1.0.0.201904181610/tools/bin/../lib/gcc/arm-none-eabi/7.3.1/../../../../arm-none-eabi/lib/thumb/v6-m/libc_nano.a
LOAD /opt/st/stm32cubeide_1.0.2/plugins/com.st.stm32cube.ide.mcu.externaltools.gnu-tools-for-stm32.7-2018-q2-update.linux64_1.0.0.201904181610/tools/bin/../lib/gcc/arm-none-eabi/7.3.1/../../../../arm-none-eabi/lib/thumb/v6-m/libnosys.a
END GROUP
START GROUP
LOAD /opt/st/stm32cubeide_1.0.2/plugins/com.st.stm32cube.ide.mcu.externaltools.gnu-tools-for-stm32.7-2018-q2-update.linux64_1.0.0.201904181610/tools/bin/../lib/gcc/arm-none-eabi/7.3.1/thumb/v6-m/libgcc.a
LOAD /opt/st/stm32cubeide_1.0.2/plugins/com.st.stm32cube.ide.mcu.externaltools.gnu-tools-for-stm32.7-2018-q2-update.linux64_1.0.0.201904181610/tools/bin/../lib/gcc/arm-none-eabi/7.3.1/../../../../arm-none-eabi/lib/thumb/v6-m/libc_nano.a
LOAD /opt/st/stm32cubeide_1.0.2/plugins/com.st.stm32cube.ide.mcu.externaltools.gnu-tools-for-stm32.7-2018-q2-update.linux64_1.0.0.201904181610/tools/bin/../lib/gcc/arm-none-eabi/7.3.1/../../../../arm-none-eabi/lib/thumb/v6-m/libnosys.a
END GROUP
LOAD /opt/st/stm32cubeide_1.0.2/plugins/com.st.stm32cube.ide.mcu.externaltools.gnu-tools-for-stm32.7-2018-q2-update.linux64_1.0.0.201904181610/tools/bin/../lib/gcc/arm-none-eabi/7.3.1/thumb/v6-m/crtend.o
LOAD /opt/st/stm32cubeide_1.0.2/plugins/com.st.stm32cube.ide.mcu.externaltools.gnu-tools-for-stm32.7-2018-q2-update.linux64_1.0.0.201904181610/tools/bin/../lib/gcc/arm-none-eabi/7.3.1/thumb/v6-m/crtn.o
                0x0000000020001800                _estack = 0x20001800
                0x0000000000000200                _Min_Heap_Size = 0x200
                0x0000000000000400                _Min_Stack_Size = 0x400

.isr_vector     0x0000000008000000       0xc0
                0x0000000008000000                . = ALIGN (0x4)
 *(.isr_vector)
 .isr_vector    0x0000000008000000       0xc0 Startup/startup_stm32f070f6px.o
                0x0000000008000000                g_pfnVectors
                0x00000000080000c0                . = ALIGN (0x4)

.text           0x00000000080000c0     0x341c
                0x00000000080000c0                . = ALIGN (0x4)
 *(.text)
 .text          0x00000000080000c0       0x48 /opt/st/stm32cubeide_1.0.2/plugins/com.st.stm32cube.ide.mcu.externaltools.gnu-tools-for-stm32.7-2018-q2-update.linux64_1.0.0.201904181610/tools/bin/../lib/gcc/arm-none-eabi/7.3.1/thumb/v6-m/crtbegin.o
 .text          0x0000000008000108      0x114 /opt/st/stm32cubeide_1.0.2/plugins/com.st.stm32cube.ide.mcu.externaltools.gnu-tools-for-stm32.7-2018-q2-update.linux64_1.0.0.201904181610/tools/bin/../lib/gcc/arm-none-eabi/7.3.1/thumb/v6-m/libgcc.a(_udivsi3.o)
                0x0000000008000108                __udivsi3
                0x0000000008000108                __aeabi_uidiv
                0x0000000008000214                __aeabi_uidivmod
 .text          0x000000000800021c      0x1d4 /opt/st/stm32cubeide_1.0.2/plugins/com.st.stm32cube.ide.mcu.externaltools.gnu-tools-for-stm32.7-2018-q2-update.linux64_1.0.0.201904181610/tools/bin/../lib/gcc/arm-none-eabi/7.3.1/thumb/v6-m/libgcc.a(_divsi3.o)
                0x000000000800021c                __aeabi_idiv
                0x000000000800021c                __divsi3
                0x00000000080003e8                __aeabi_idivmod
 .text          0x00000000080003f0        0x4 /opt/st/stm32cubeide_1.0.2/plugins/com.st.stm32cube.ide.mcu.externaltools.gnu-tools-for-stm32.7-2018-q2-update.linux64_1.0.0.201904181610/tools/bin/../lib/gcc/arm-none-eabi/7.3.1/thumb/v6-m/libgcc.a(_dvmd_tls.o)
                0x00000000080003f0                __aeabi_ldiv0
                0x00000000080003f0                __aeabi_idiv0
 *(.text*)
 .text.HAL_InitTick
                0x00000000080003f4       0x24 Drivers/STM32F0xx_HAL_Driver/Src/stm32f0xx_hal.o
                0x00000000080003f4                HAL_InitTick
 .text.HAL_Init
                0x0000000008000418       0x20 Drivers/STM32F0xx_HAL_Driver/Src/stm32f0xx_hal.o
                0x0000000008000418                HAL_Init
 .text.HAL_IncTick
                0x0000000008000438       0x10 Drivers/STM32F0xx_HAL_Driver/Src/stm32f0xx_hal.o
                0x0000000008000438                HAL_IncTick
 .text.HAL_GetTick
                0x0000000008000448        0xc Drivers/STM32F0xx_HAL_Driver/Src/stm32f0xx_hal.o
                0x0000000008000448                HAL_GetTick
 .text.HAL_Delay
                0x0000000008000454       0x24 Drivers/STM32F0xx_HAL_Driver/Src/stm32f0xx_hal.o
                0x0000000008000454                HAL_Delay
 .text.HAL_NVIC_SetPriority
                0x0000000008000478       0x58 Drivers/STM32F0xx_HAL_Driver/Src/stm32f0xx_hal_cortex.o
                0x0000000008000478                HAL_NVIC_SetPriority
 .text.HAL_NVIC_EnableIRQ
                0x00000000080004d0       0x14 Drivers/STM32F0xx_HAL_Driver/Src/stm32f0xx_hal_cortex.o
                0x00000000080004d0                HAL_NVIC_EnableIRQ
 .text.HAL_NVIC_DisableIRQ
                0x00000000080004e4       0x14 Drivers/STM32F0xx_HAL_Driver/Src/stm32f0xx_hal_cortex.o
                0x00000000080004e4                HAL_NVIC_DisableIRQ
 .text.HAL_SYSTICK_Config
                0x00000000080004f8       0x38 Drivers/STM32F0xx_HAL_Driver/Src/stm32f0xx_hal_cortex.o
                0x00000000080004f8                HAL_SYSTICK_Config
 .text.HAL_DMA_Abort_IT
                0x0000000008000530       0x48 Drivers/STM32F0xx_HAL_Driver/Src/stm32f0xx_hal_dma.o
                0x0000000008000530                HAL_DMA_Abort_IT
 .text.HAL_GPIO_Init
                0x0000000008000578      0x1e4 Drivers/STM32F0xx_HAL_Driver/Src/stm32f0xx_hal_gpio.o
                0x0000000008000578                HAL_GPIO_Init
 .text.HAL_GPIO_ReadPin
                0x000000000800075c        0xc Drivers/STM32F0xx_HAL_Driver/Src/stm32f0xx_hal_gpio.o
                0x000000000800075c                HAL_GPIO_ReadPin
 .text.HAL_GPIO_EXTI_IRQHandler
                0x0000000008000768       0x18 Drivers/STM32F0xx_HAL_Driver/Src/stm32f0xx_hal_gpio.o
                0x0000000008000768                HAL_GPIO_EXTI_IRQHandler
 .text.HAL_RCC_OscConfig
                0x0000000008000780      0x488 Drivers/STM32F0xx_HAL_Driver/Src/stm32f0xx_hal_rcc.o
                0x0000000008000780                HAL_RCC_OscConfig
 .text.HAL_RCC_ClockConfig
                0x0000000008000c08      0x194 Drivers/STM32F0xx_HAL_Driver/Src/stm32f0xx_hal_rcc.o
                0x0000000008000c08                HAL_RCC_ClockConfig
 .text.HAL_RCC_GetSysClockFreq
                0x0000000008000d9c       0x58 Drivers/STM32F0xx_HAL_Driver/Src/stm32f0xx_hal_rcc.o
                0x0000000008000d9c                HAL_RCC_GetSysClockFreq
 .text.HAL_RCC_GetHCLKFreq
                0x0000000008000df4        0xc Drivers/STM32F0xx_HAL_Driver/Src/stm32f0xx_hal_rcc.o
                0x0000000008000df4                HAL_RCC_GetHCLKFreq
 .text.HAL_RCC_GetPCLK1Freq
                0x0000000008000e00       0x20 Drivers/STM32F0xx_HAL_Driver/Src/stm32f0xx_hal_rcc.o
                0x0000000008000e00                HAL_RCC_GetPCLK1Freq
 .text.HAL_RCCEx_PeriphCLKConfig
                0x0000000008000e20      0x130 Drivers/STM32F0xx_HAL_Driver/Src/stm32f0xx_hal_rcc_ex.o
                0x0000000008000e20                HAL_RCCEx_PeriphCLKConfig
 .text.HAL_UART_Transmit
                0x0000000008000f50      0x130 Drivers/STM32F0xx_HAL_Driver/Src/stm32f0xx_hal_uart.o
                0x0000000008000f50                HAL_UART_Transmit
 .text.HAL_UART_Receive_IT
                0x0000000008001080       0xd0 Drivers/STM32F0xx_HAL_Driver/Src/stm32f0xx_hal_uart.o
                0x0000000008001080                HAL_UART_Receive_IT
 .text.HAL_UART_TxCpltCallback
                0x0000000008001150        0x4 Drivers/STM32F0xx_HAL_Driver/Src/stm32f0xx_hal_uart.o
                0x0000000008001150                HAL_UART_TxCpltCallback
 .text.HAL_UART_ErrorCallback
                0x0000000008001154        0x4 Drivers/STM32F0xx_HAL_Driver/Src/stm32f0xx_hal_uart.o
                0x0000000008001154                HAL_UART_ErrorCallback
 .text.UART_DMAAbortOnError
                0x0000000008001158       0x14 Drivers/STM32F0xx_HAL_Driver/Src/stm32f0xx_hal_uart.o
 .text.HAL_UART_IRQHandler
                0x000000000800116c      0x278 Drivers/STM32F0xx_HAL_Driver/Src/stm32f0xx_hal_uart.o
                0x000000000800116c                HAL_UART_IRQHandler
 .text.UART_AdvFeatureConfig
                0x00000000080013e4       0xd0 Drivers/STM32F0xx_HAL_Driver/Src/stm32f0xx_hal_uart.o
                0x00000000080013e4                UART_AdvFeatureConfig
 .text.HAL_UART_Init
                0x00000000080014b4      0x1b8 Drivers/STM32F0xx_HAL_Driver/Src/stm32f0xx_hal_uart.o
                0x00000000080014b4                HAL_UART_Init
 .text.FN_RM01_Get_File_Num
                0x000000000800166c       0x50 Src/FN_RM01.o
                0x000000000800166c                FN_RM01_Get_File_Num
 .text.FN_RM01_Play_Sound
                0x00000000080016bc       0x5c Src/FN_RM01.o
                0x00000000080016bc                FN_RM01_Play_Sound
 .text.FN_RM01_Record_Sound
                0x0000000008001718       0x64 Src/FN_RM01.o
                0x0000000008001718                FN_RM01_Record_Sound
 .text.FN_RM01_Stop_Record
                0x000000000800177c       0x40 Src/FN_RM01.o
                0x000000000800177c                FN_RM01_Stop_Record
 .text.FN_RM01_Remove_Sound
                0x00000000080017bc       0x64 Src/FN_RM01.o
                0x00000000080017bc                FN_RM01_Remove_Sound
 .text.FN_RM01_Get_FileName
                0x0000000008001820       0x48 Src/FN_RM01.o
                0x0000000008001820                FN_RM01_Get_FileName
 .text.Mifare_Classic_Read
                0x0000000008001868      0x398 Src/Mifare_Classic.o
                0x0000000008001868                Mifare_Classic_Read
 .text.Mifare_Classic_Write
                0x0000000008001c00      0x1dc Src/Mifare_Classic.o
                0x0000000008001c00                Mifare_Classic_Write
 .text.Mifare_Ultralight_Read
                0x0000000008001ddc      0x1b4 Src/Mifare_Ultralight.o
                0x0000000008001ddc                Mifare_Ultralight_Read
 .text.Mifare_Ultralight_Write
                0x0000000008001f90      0x140 Src/Mifare_Ultralight.o
                0x0000000008001f90                Mifare_Ultralight_Write
 .text.Get_NDEF_Message
                0x00000000080020d0      0x134 Src/NDEF_Message.o
                0x00000000080020d0                Get_NDEF_Message
 .text.NDEF_Message_GetEncodeSize
                0x0000000008002204       0x2c Src/NDEF_Message.o
                0x0000000008002204                NDEF_Message_GetEncodeSize
 .text.NDEF_Message_Encode
                0x0000000008002230       0x38 Src/NDEF_Message.o
                0x0000000008002230                NDEF_Message_Encode
 .text.NDEF_Record_Init
                0x0000000008002268       0x34 Src/NDEF_Record.o
                0x0000000008002268                NDEF_Record_Init
 .text.NDEF_Record_SetType
                0x000000000800229c       0x18 Src/NDEF_Record.o
                0x000000000800229c                NDEF_Record_SetType
 .text.NDEF_Record_SetId
                0x00000000080022b4       0x18 Src/NDEF_Record.o
                0x00000000080022b4                NDEF_Record_SetId
 .text.NDEF_Record_SetPayload
                0x00000000080022cc       0x18 Src/NDEF_Record.o
                0x00000000080022cc                NDEF_Record_SetPayload
 .text.NDEF_Record_GetEncodedSize
                0x00000000080022e4       0x18 Src/NDEF_Record.o
                0x00000000080022e4                NDEF_Record_GetEncodedSize
 .text.NDEF_Record_Encode
                0x00000000080022fc       0x6c Src/NDEF_Record.o
                0x00000000080022fc                NDEF_Record_Encode
 .text.NDEF_Record_Create_TextRecord
                0x0000000008002368       0x8c Src/NDEF_Record.o
                0x0000000008002368                NDEF_Record_Create_TextRecord
 .text.NFC_Clear_Tag
                0x00000000080023f4       0x5c Src/NFC_Tag.o
                0x00000000080023f4                NFC_Clear_Tag
 .text.PN532_WakeUp
                0x0000000008002450       0x38 Src/PN532.o
                0x0000000008002450                PN532_WakeUp
 .text.PN532_WriteCommand
                0x0000000008002488      0x398 Src/PN532.o
                0x0000000008002488                PN532_WriteCommand
 .text.PN532_SAMConfig
                0x0000000008002820      0x2a8 Src/PN532.o
                0x0000000008002820                PN532_SAMConfig
 .text.PN532_InListPassiveTarget
                0x0000000008002ac8      0x2fc Src/PN532.o
                0x0000000008002ac8                PN532_InListPassiveTarget
 .text.PN532_Read_Tag
                0x0000000008002dc4       0x24 Src/PN532.o
                0x0000000008002dc4                PN532_Read_Tag
 .text.PN532_Write_Tag
                0x0000000008002de8       0x24 Src/PN532.o
                0x0000000008002de8                PN532_Write_Tag
 .text.MX_GPIO_Init
                0x0000000008002e0c       0xb0 Src/gpio.o
                0x0000000008002e0c                MX_GPIO_Init
 .text.HAL_GPIO_EXTI_Callback
                0x0000000008002ebc       0xe8 Src/gpio.o
                0x0000000008002ebc                HAL_GPIO_EXTI_Callback
 .text.SystemClock_Config
                0x0000000008002fa4       0x64 Src/main.o
                0x0000000008002fa4                SystemClock_Config
 .text.startup.main
                0x0000000008003008       0xc8 Src/main.o
                0x0000000008003008                main
 .text.Error_Handler
                0x00000000080030d0        0x4 Src/main.o
                0x00000000080030d0                Error_Handler
 .text.HAL_MspInit
                0x00000000080030d4       0x30 Src/stm32f0xx_hal_msp.o
                0x00000000080030d4                HAL_MspInit
 .text.NMI_Handler
                0x0000000008003104        0x4 Src/stm32f0xx_it.o
                0x0000000008003104                NMI_Handler
 .text.HardFault_Handler
                0x0000000008003108        0x4 Src/stm32f0xx_it.o
                0x0000000008003108                HardFault_Handler
 .text.SVC_Handler
                0x000000000800310c        0x4 Src/stm32f0xx_it.o
                0x000000000800310c                SVC_Handler
 .text.PendSV_Handler
                0x0000000008003110        0x4 Src/stm32f0xx_it.o
                0x0000000008003110                PendSV_Handler
 .text.SysTick_Handler
                0x0000000008003114        0x8 Src/stm32f0xx_it.o
                0x0000000008003114                SysTick_Handler
 .text.EXTI4_15_IRQHandler
                0x000000000800311c        0xc Src/stm32f0xx_it.o
                0x000000000800311c                EXTI4_15_IRQHandler
 .text.USART1_IRQHandler
                0x0000000008003128       0x10 Src/stm32f0xx_it.o
                0x0000000008003128                USART1_IRQHandler
 .text.USART2_IRQHandler
                0x0000000008003138       0x10 Src/stm32f0xx_it.o
                0x0000000008003138                USART2_IRQHandler
 .text.SystemInit
                0x0000000008003148       0x68 Src/system_stm32f0xx.o
                0x0000000008003148                SystemInit
 .text.MX_USART1_UART_Init
                0x00000000080031b0       0x38 Src/usart.o
                0x00000000080031b0                MX_USART1_UART_Init
 .text.MX_USART2_UART_Init
                0x00000000080031e8       0x38 Src/usart.o
                0x00000000080031e8                MX_USART2_UART_Init
 .text.HAL_UART_MspInit
                0x0000000008003220       0xd0 Src/usart.o
                0x0000000008003220                HAL_UART_MspInit
 .text.HAL_UART_RxCpltCallback
                0x00000000080032f0       0x74 Src/usart.o
                0x00000000080032f0                HAL_UART_RxCpltCallback
 .text.get_rx_data_len
                0x0000000008003364        0xc Src/usart.o
                0x0000000008003364                get_rx_data_len
 .text.clean_uart1_rx_data
                0x0000000008003370       0x24 Src/usart.o
                0x0000000008003370                clean_uart1_rx_data
 .text.clean_uart2_rx_data
                0x0000000008003394       0x24 Src/usart.o
                0x0000000008003394                clean_uart2_rx_data
 .text.Reset_Handler
                0x00000000080033b8       0x80 Startup/startup_stm32f070f6px.o
                0x00000000080033b8                Reset_Handler
 .text.Default_Handler
                0x0000000008003438        0x2 Startup/startup_stm32f070f6px.o
                0x0000000008003438                TIM1_CC_IRQHandler
                0x0000000008003438                I2C1_IRQHandler
                0x0000000008003438                SPI1_IRQHandler
                0x0000000008003438                EXTI2_3_IRQHandler
                0x0000000008003438                ADC1_IRQHandler
                0x0000000008003438                TIM17_IRQHandler
                0x0000000008003438                RTC_IRQHandler
                0x0000000008003438                TIM16_IRQHandler
                0x0000000008003438                TIM3_IRQHandler
                0x0000000008003438                RCC_IRQHandler
                0x0000000008003438                DMA1_Channel1_IRQHandler
                0x0000000008003438                Default_Handler
                0x0000000008003438                TIM14_IRQHandler
                0x0000000008003438                DMA1_Channel4_5_IRQHandler
                0x0000000008003438                EXTI0_1_IRQHandler
                0x0000000008003438                USB_IRQHandler
                0x0000000008003438                WWDG_IRQHandler
                0x0000000008003438                DMA1_Channel2_3_IRQHandler
                0x0000000008003438                FLASH_IRQHandler
                0x0000000008003438                TIM1_BRK_UP_TRG_COM_IRQHandler
 *fill*         0x000000000800343a        0x2 
 .text.__libc_init_array
                0x000000000800343c       0x48 /opt/st/stm32cubeide_1.0.2/plugins/com.st.stm32cube.ide.mcu.externaltools.gnu-tools-for-stm32.7-2018-q2-update.linux64_1.0.0.201904181610/tools/bin/../lib/gcc/arm-none-eabi/7.3.1/../../../../arm-none-eabi/lib/thumb/v6-m/libc_nano.a(lib_a-init.o)
                0x000000000800343c                __libc_init_array
 .text.memcmp   0x0000000008003484       0x1e /opt/st/stm32cubeide_1.0.2/plugins/com.st.stm32cube.ide.mcu.externaltools.gnu-tools-for-stm32.7-2018-q2-update.linux64_1.0.0.201904181610/tools/bin/../lib/gcc/arm-none-eabi/7.3.1/../../../../arm-none-eabi/lib/thumb/v6-m/libc_nano.a(lib_a-memcmp.o)
                0x0000000008003484                memcmp
 .text.memcpy   0x00000000080034a2       0x12 /opt/st/stm32cubeide_1.0.2/plugins/com.st.stm32cube.ide.mcu.externaltools.gnu-tools-for-stm32.7-2018-q2-update.linux64_1.0.0.201904181610/tools/bin/../lib/gcc/arm-none-eabi/7.3.1/../../../../arm-none-eabi/lib/thumb/v6-m/libc_nano.a(lib_a-memcpy-stub.o)
                0x00000000080034a2                memcpy
 .text.memset   0x00000000080034b4       0x10 /opt/st/stm32cubeide_1.0.2/plugins/com.st.stm32cube.ide.mcu.externaltools.gnu-tools-for-stm32.7-2018-q2-update.linux64_1.0.0.201904181610/tools/bin/../lib/gcc/arm-none-eabi/7.3.1/../../../../arm-none-eabi/lib/thumb/v6-m/libc_nano.a(lib_a-memset.o)
                0x00000000080034b4                memset
 *(.glue_7)
 .glue_7        0x00000000080034c4        0x0 linker stubs
 *(.glue_7t)
 .glue_7t       0x00000000080034c4        0x0 linker stubs
 *(.eh_frame)
 .eh_frame      0x00000000080034c4        0x0 /opt/st/stm32cubeide_1.0.2/plugins/com.st.stm32cube.ide.mcu.externaltools.gnu-tools-for-stm32.7-2018-q2-update.linux64_1.0.0.201904181610/tools/bin/../lib/gcc/arm-none-eabi/7.3.1/thumb/v6-m/crtbegin.o
 *(.init)
 .init          0x00000000080034c4        0x4 /opt/st/stm32cubeide_1.0.2/plugins/com.st.stm32cube.ide.mcu.externaltools.gnu-tools-for-stm32.7-2018-q2-update.linux64_1.0.0.201904181610/tools/bin/../lib/gcc/arm-none-eabi/7.3.1/thumb/v6-m/crti.o
                0x00000000080034c4                _init
 .init          0x00000000080034c8        0x8 /opt/st/stm32cubeide_1.0.2/plugins/com.st.stm32cube.ide.mcu.externaltools.gnu-tools-for-stm32.7-2018-q2-update.linux64_1.0.0.201904181610/tools/bin/../lib/gcc/arm-none-eabi/7.3.1/thumb/v6-m/crtn.o
 *(.fini)
 .fini          0x00000000080034d0        0x4 /opt/st/stm32cubeide_1.0.2/plugins/com.st.stm32cube.ide.mcu.externaltools.gnu-tools-for-stm32.7-2018-q2-update.linux64_1.0.0.201904181610/tools/bin/../lib/gcc/arm-none-eabi/7.3.1/thumb/v6-m/crti.o
                0x00000000080034d0                _fini
 .fini          0x00000000080034d4        0x8 /opt/st/stm32cubeide_1.0.2/plugins/com.st.stm32cube.ide.mcu.externaltools.gnu-tools-for-stm32.7-2018-q2-update.linux64_1.0.0.201904181610/tools/bin/../lib/gcc/arm-none-eabi/7.3.1/thumb/v6-m/crtn.o
                0x00000000080034dc                . = ALIGN (0x4)
                0x00000000080034dc                _etext = .

.vfp11_veneer   0x00000000080034dc        0x0
 .vfp11_veneer  0x00000000080034dc        0x0 linker stubs

.v4_bx          0x00000000080034dc        0x0
 .v4_bx         0x00000000080034dc        0x0 linker stubs

.iplt           0x00000000080034dc        0x0
 .iplt          0x00000000080034dc        0x0 /opt/st/stm32cubeide_1.0.2/plugins/com.st.stm32cube.ide.mcu.externaltools.gnu-tools-for-stm32.7-2018-q2-update.linux64_1.0.0.201904181610/tools/bin/../lib/gcc/arm-none-eabi/7.3.1/thumb/v6-m/crtbegin.o

.rodata         0x00000000080034dc       0x68
                0x00000000080034dc                . = ALIGN (0x4)
 *(.rodata)
 .rodata        0x00000000080034dc       0x20 Drivers/STM32F0xx_HAL_Driver/Src/stm32f0xx_hal_rcc.o
 .rodata        0x00000000080034fc        0xe Src/PN532.o
 *(.rodata*)
 *fill*         0x000000000800350a        0x2 
 .rodata.CSWTCH.50
                0x000000000800350c        0x4 Drivers/STM32F0xx_HAL_Driver/Src/stm32f0xx_hal_uart.o
 .rodata.NDEF_Record_Create_TextRecord.str1.4
                0x0000000008003510        0x3 Src/NDEF_Record.o
 *fill*         0x0000000008003513        0x1 
 .rodata.HAL_GPIO_EXTI_Callback.str1.4
                0x0000000008003514        0xd Src/gpio.o
 *fill*         0x0000000008003521        0x3 
 .rodata.main.str1.4
                0x0000000008003524        0x8 Src/main.o
                                          0x5 (size before relaxing)
 .rodata.AHBPrescTable
                0x000000000800352c       0x10 Src/system_stm32f0xx.o
                0x000000000800352c                AHBPrescTable
 .rodata.APBPrescTable
                0x000000000800353c        0x8 Src/system_stm32f0xx.o
                0x000000000800353c                APBPrescTable
                0x0000000008003544                . = ALIGN (0x4)

.rel.dyn        0x0000000008003544        0x0
 .rel.iplt      0x0000000008003544        0x0 /opt/st/stm32cubeide_1.0.2/plugins/com.st.stm32cube.ide.mcu.externaltools.gnu-tools-for-stm32.7-2018-q2-update.linux64_1.0.0.201904181610/tools/bin/../lib/gcc/arm-none-eabi/7.3.1/thumb/v6-m/crtbegin.o

.ARM.extab      0x0000000008003544        0x0
                0x0000000008003544                . = ALIGN (0x4)
 *(.ARM.extab* .gnu.linkonce.armextab.*)
                0x0000000008003544                . = ALIGN (0x4)

.ARM            0x0000000008003544        0x0
                0x0000000008003544                . = ALIGN (0x4)
                0x0000000008003544                __exidx_start = .
 *(.ARM.exidx*)
                0x0000000008003544                __exidx_end = .
                0x0000000008003544                . = ALIGN (0x4)

.preinit_array  0x0000000008003544        0x0
                0x0000000008003544                . = ALIGN (0x4)
                0x0000000008003544                PROVIDE (__preinit_array_start = .)
 *(.preinit_array*)
                0x0000000008003544                PROVIDE (__preinit_array_end = .)
                0x0000000008003544                . = ALIGN (0x4)

.init_array     0x0000000008003544        0x4
                0x0000000008003544                . = ALIGN (0x4)
                0x0000000008003544                PROVIDE (__init_array_start = .)
 *(SORT_BY_NAME(.init_array.*))
 *(.init_array*)
 .init_array    0x0000000008003544        0x4 /opt/st/stm32cubeide_1.0.2/plugins/com.st.stm32cube.ide.mcu.externaltools.gnu-tools-for-stm32.7-2018-q2-update.linux64_1.0.0.201904181610/tools/bin/../lib/gcc/arm-none-eabi/7.3.1/thumb/v6-m/crtbegin.o
                0x0000000008003548                PROVIDE (__init_array_end = .)
                0x0000000008003548                . = ALIGN (0x4)

.fini_array     0x0000000008003548        0x4
                0x0000000008003548                . = ALIGN (0x4)
                [!provide]                        PROVIDE (__fini_array_start = .)
 *(SORT_BY_NAME(.fini_array.*))
 *(.fini_array*)
 .fini_array    0x0000000008003548        0x4 /opt/st/stm32cubeide_1.0.2/plugins/com.st.stm32cube.ide.mcu.externaltools.gnu-tools-for-stm32.7-2018-q2-update.linux64_1.0.0.201904181610/tools/bin/../lib/gcc/arm-none-eabi/7.3.1/thumb/v6-m/crtbegin.o
                [!provide]                        PROVIDE (__fini_array_end = .)
                0x000000000800354c                . = ALIGN (0x4)
                0x000000000800354c                _sidata = LOADADDR (.data)

.data           0x0000000020000000        0x4 load address 0x000000000800354c
                0x0000000020000000                . = ALIGN (0x4)
                0x0000000020000000                _sdata = .
 *(.data)
 *(.data*)
 .data.SystemCoreClock
                0x0000000020000000        0x4 Src/system_stm32f0xx.o
                0x0000000020000000                SystemCoreClock
                0x0000000020000004                . = ALIGN (0x4)
                0x0000000020000004                _edata = .

.igot.plt       0x0000000020000004        0x0 load address 0x0000000008003550
 .igot.plt      0x0000000020000004        0x0 /opt/st/stm32cubeide_1.0.2/plugins/com.st.stm32cube.ide.mcu.externaltools.gnu-tools-for-stm32.7-2018-q2-update.linux64_1.0.0.201904181610/tools/bin/../lib/gcc/arm-none-eabi/7.3.1/thumb/v6-m/crtbegin.o
                0x0000000020000004                . = ALIGN (0x4)

.bss            0x0000000020000004      0x5e0 load address 0x0000000008003550
                0x0000000020000004                _sbss = .
                0x0000000020000004                __bss_start__ = _sbss
 *(.bss)
 .bss           0x0000000020000004       0x1c /opt/st/stm32cubeide_1.0.2/plugins/com.st.stm32cube.ide.mcu.externaltools.gnu-tools-for-stm32.7-2018-q2-update.linux64_1.0.0.201904181610/tools/bin/../lib/gcc/arm-none-eabi/7.3.1/thumb/v6-m/crtbegin.o
 *(.bss*)
 .bss.is_recording
                0x0000000020000020        0x4 Src/main.o
                0x0000000020000020                is_recording
 *(COMMON)
 COMMON         0x0000000020000024        0x4 Drivers/STM32F0xx_HAL_Driver/Src/stm32f0xx_hal.o
                0x0000000020000024                uwTick
 COMMON         0x0000000020000028        0x8 Src/Mifare_Ultralight.o
                0x0000000020000028                bufferSize
                0x000000002000002a                tagCapacity
                0x000000002000002c                messageLength
                0x000000002000002e                ndefStartIndex
 COMMON         0x0000000020000030      0x464 Src/main.o
                0x0000000020000030                file_num
                0x0000000020000034                tag
                0x0000000020000490                file_name
 COMMON         0x0000000020000494      0x14d Src/usart.o
                0x0000000020000494                uart2_rx_len
                0x0000000020000495                uart1_rx_temp
                0x0000000020000498                uart2_rx_data
                0x00000000200004ca                uart2_rx_temp
                0x00000000200004cc                huart1
                0x000000002000053c                uart1_rx_data
                0x0000000020000570                huart2
                0x00000000200005e0                uart1_rx_len
                0x00000000200005e4                . = ALIGN (0x4)
 *fill*         0x00000000200005e1        0x3 
                0x00000000200005e4                _ebss = .
                0x00000000200005e4                __bss_end__ = _ebss

._user_heap_stack
                0x00000000200005e4      0x604 load address 0x0000000008003550
                0x00000000200005e8                . = ALIGN (0x8)
 *fill*         0x00000000200005e4        0x4 
                0x00000000200005e8                PROVIDE (end = .)
                [!provide]                        PROVIDE (_end = .)
                0x00000000200007e8                . = (. + _Min_Heap_Size)
 *fill*         0x00000000200005e8      0x200 
                0x0000000020000be8                . = (. + _Min_Stack_Size)
 *fill*         0x00000000200007e8      0x400 
                0x0000000020000be8                . = ALIGN (0x8)

/DISCARD/
 libc.a(*)
 libm.a(*)
 libgcc.a(*)

.ARM.attributes
                0x0000000000000000       0x28
 *(.ARM.attributes)
 .ARM.attributes
                0x0000000000000000       0x1e /opt/st/stm32cubeide_1.0.2/plugins/com.st.stm32cube.ide.mcu.externaltools.gnu-tools-for-stm32.7-2018-q2-update.linux64_1.0.0.201904181610/tools/bin/../lib/gcc/arm-none-eabi/7.3.1/thumb/v6-m/crti.o
 .ARM.attributes
                0x000000000000001e       0x2c /opt/st/stm32cubeide_1.0.2/plugins/com.st.stm32cube.ide.mcu.externaltools.gnu-tools-for-stm32.7-2018-q2-update.linux64_1.0.0.201904181610/tools/bin/../lib/gcc/arm-none-eabi/7.3.1/thumb/v6-m/crtbegin.o
 .ARM.attributes
                0x000000000000004a       0x31 Drivers/STM32F0xx_HAL_Driver/Src/stm32f0xx_hal.o
 .ARM.attributes
                0x000000000000007b       0x31 Drivers/STM32F0xx_HAL_Driver/Src/stm32f0xx_hal_cortex.o
 .ARM.attributes
                0x00000000000000ac       0x31 Drivers/STM32F0xx_HAL_Driver/Src/stm32f0xx_hal_dma.o
 .ARM.attributes
                0x00000000000000dd       0x31 Drivers/STM32F0xx_HAL_Driver/Src/stm32f0xx_hal_gpio.o
 .ARM.attributes
                0x000000000000010e       0x31 Drivers/STM32F0xx_HAL_Driver/Src/stm32f0xx_hal_rcc.o
 .ARM.attributes
                0x000000000000013f       0x31 Drivers/STM32F0xx_HAL_Driver/Src/stm32f0xx_hal_rcc_ex.o
 .ARM.attributes
                0x0000000000000170       0x31 Drivers/STM32F0xx_HAL_Driver/Src/stm32f0xx_hal_uart.o
 .ARM.attributes
                0x00000000000001a1       0x31 Src/FN_RM01.o
 .ARM.attributes
                0x00000000000001d2       0x31 Src/Mifare_Classic.o
 .ARM.attributes
                0x0000000000000203       0x31 Src/Mifare_Ultralight.o
 .ARM.attributes
                0x0000000000000234       0x31 Src/NDEF_Message.o
 .ARM.attributes
                0x0000000000000265       0x31 Src/NDEF_Record.o
 .ARM.attributes
                0x0000000000000296       0x31 Src/NFC_Tag.o
 .ARM.attributes
                0x00000000000002c7       0x31 Src/PN532.o
 .ARM.attributes
                0x00000000000002f8       0x31 Src/gpio.o
 .ARM.attributes
                0x0000000000000329       0x31 Src/main.o
 .ARM.attributes
                0x000000000000035a       0x31 Src/stm32f0xx_hal_msp.o
 .ARM.attributes
                0x000000000000038b       0x31 Src/stm32f0xx_it.o
 .ARM.attributes
                0x00000000000003bc       0x31 Src/system_stm32f0xx.o
 .ARM.attributes
                0x00000000000003ed       0x31 Src/usart.o
 .ARM.attributes
                0x000000000000041e       0x21 Startup/startup_stm32f070f6px.o
 .ARM.attributes
                0x000000000000043f       0x2c /opt/st/stm32cubeide_1.0.2/plugins/com.st.stm32cube.ide.mcu.externaltools.gnu-tools-for-stm32.7-2018-q2-update.linux64_1.0.0.201904181610/tools/bin/../lib/gcc/arm-none-eabi/7.3.1/../../../../arm-none-eabi/lib/thumb/v6-m/libc_nano.a(lib_a-init.o)
 .ARM.attributes
                0x000000000000046b       0x2c /opt/st/stm32cubeide_1.0.2/plugins/com.st.stm32cube.ide.mcu.externaltools.gnu-tools-for-stm32.7-2018-q2-update.linux64_1.0.0.201904181610/tools/bin/../lib/gcc/arm-none-eabi/7.3.1/../../../../arm-none-eabi/lib/thumb/v6-m/libc_nano.a(lib_a-memcmp.o)
 .ARM.attributes
                0x0000000000000497       0x2c /opt/st/stm32cubeide_1.0.2/plugins/com.st.stm32cube.ide.mcu.externaltools.gnu-tools-for-stm32.7-2018-q2-update.linux64_1.0.0.201904181610/tools/bin/../lib/gcc/arm-none-eabi/7.3.1/../../../../arm-none-eabi/lib/thumb/v6-m/libc_nano.a(lib_a-memcpy-stub.o)
 .ARM.attributes
                0x00000000000004c3       0x2c /opt/st/stm32cubeide_1.0.2/plugins/com.st.stm32cube.ide.mcu.externaltools.gnu-tools-for-stm32.7-2018-q2-update.linux64_1.0.0.201904181610/tools/bin/../lib/gcc/arm-none-eabi/7.3.1/../../../../arm-none-eabi/lib/thumb/v6-m/libc_nano.a(lib_a-memset.o)
 .ARM.attributes
                0x00000000000004ef       0x1e /opt/st/stm32cubeide_1.0.2/plugins/com.st.stm32cube.ide.mcu.externaltools.gnu-tools-for-stm32.7-2018-q2-update.linux64_1.0.0.201904181610/tools/bin/../lib/gcc/arm-none-eabi/7.3.1/thumb/v6-m/libgcc.a(_udivsi3.o)
 .ARM.attributes
                0x000000000000050d       0x1e /opt/st/stm32cubeide_1.0.2/plugins/com.st.stm32cube.ide.mcu.externaltools.gnu-tools-for-stm32.7-2018-q2-update.linux64_1.0.0.201904181610/tools/bin/../lib/gcc/arm-none-eabi/7.3.1/thumb/v6-m/libgcc.a(_divsi3.o)
 .ARM.attributes
                0x000000000000052b       0x1e /opt/st/stm32cubeide_1.0.2/plugins/com.st.stm32cube.ide.mcu.externaltools.gnu-tools-for-stm32.7-2018-q2-update.linux64_1.0.0.201904181610/tools/bin/../lib/gcc/arm-none-eabi/7.3.1/thumb/v6-m/libgcc.a(_dvmd_tls.o)
 .ARM.attributes
                0x0000000000000549       0x1e /opt/st/stm32cubeide_1.0.2/plugins/com.st.stm32cube.ide.mcu.externaltools.gnu-tools-for-stm32.7-2018-q2-update.linux64_1.0.0.201904181610/tools/bin/../lib/gcc/arm-none-eabi/7.3.1/thumb/v6-m/crtn.o
OUTPUT(TEDY_F0.elf elf32-littlearm)

.comment        0x0000000000000000       0x7b
 .comment       0x0000000000000000       0x7b Drivers/STM32F0xx_HAL_Driver/Src/stm32f0xx_hal.o
                                         0x7c (size before relaxing)
 .comment       0x000000000000007b       0x7c Drivers/STM32F0xx_HAL_Driver/Src/stm32f0xx_hal_cortex.o
 .comment       0x000000000000007b       0x7c Drivers/STM32F0xx_HAL_Driver/Src/stm32f0xx_hal_dma.o
 .comment       0x000000000000007b       0x7c Drivers/STM32F0xx_HAL_Driver/Src/stm32f0xx_hal_gpio.o
 .comment       0x000000000000007b       0x7c Drivers/STM32F0xx_HAL_Driver/Src/stm32f0xx_hal_rcc.o
 .comment       0x000000000000007b       0x7c Drivers/STM32F0xx_HAL_Driver/Src/stm32f0xx_hal_rcc_ex.o
 .comment       0x000000000000007b       0x7c Drivers/STM32F0xx_HAL_Driver/Src/stm32f0xx_hal_uart.o
 .comment       0x000000000000007b       0x7c Src/FN_RM01.o
 .comment       0x000000000000007b       0x7c Src/Mifare_Classic.o
 .comment       0x000000000000007b       0x7c Src/Mifare_Ultralight.o
 .comment       0x000000000000007b       0x7c Src/NDEF_Message.o
 .comment       0x000000000000007b       0x7c Src/NDEF_Record.o
 .comment       0x000000000000007b       0x7c Src/NFC_Tag.o
 .comment       0x000000000000007b       0x7c Src/PN532.o
 .comment       0x000000000000007b       0x7c Src/gpio.o
 .comment       0x000000000000007b       0x7c Src/main.o
 .comment       0x000000000000007b       0x7c Src/stm32f0xx_hal_msp.o
 .comment       0x000000000000007b       0x7c Src/stm32f0xx_it.o
 .comment       0x000000000000007b       0x7c Src/system_stm32f0xx.o
 .comment       0x000000000000007b       0x7c Src/usart.o

.debug_frame    0x0000000000000000       0xe0
 .debug_frame   0x0000000000000000       0x2c /opt/st/stm32cubeide_1.0.2/plugins/com.st.stm32cube.ide.mcu.externaltools.gnu-tools-for-stm32.7-2018-q2-update.linux64_1.0.0.201904181610/tools/bin/../lib/gcc/arm-none-eabi/7.3.1/../../../../arm-none-eabi/lib/thumb/v6-m/libc_nano.a(lib_a-init.o)
 .debug_frame   0x000000000000002c       0x2c /opt/st/stm32cubeide_1.0.2/plugins/com.st.stm32cube.ide.mcu.externaltools.gnu-tools-for-stm32.7-2018-q2-update.linux64_1.0.0.201904181610/tools/bin/../lib/gcc/arm-none-eabi/7.3.1/../../../../arm-none-eabi/lib/thumb/v6-m/libc_nano.a(lib_a-memcmp.o)
 .debug_frame   0x0000000000000058       0x28 /opt/st/stm32cubeide_1.0.2/plugins/com.st.stm32cube.ide.mcu.externaltools.gnu-tools-for-stm32.7-2018-q2-update.linux64_1.0.0.201904181610/tools/bin/../lib/gcc/arm-none-eabi/7.3.1/../../../../arm-none-eabi/lib/thumb/v6-m/libc_nano.a(lib_a-memcpy-stub.o)
 .debug_frame   0x0000000000000080       0x20 /opt/st/stm32cubeide_1.0.2/plugins/com.st.stm32cube.ide.mcu.externaltools.gnu-tools-for-stm32.7-2018-q2-update.linux64_1.0.0.201904181610/tools/bin/../lib/gcc/arm-none-eabi/7.3.1/../../../../arm-none-eabi/lib/thumb/v6-m/libc_nano.a(lib_a-memset.o)
 .debug_frame   0x00000000000000a0       0x20 /opt/st/stm32cubeide_1.0.2/plugins/com.st.stm32cube.ide.mcu.externaltools.gnu-tools-for-stm32.7-2018-q2-update.linux64_1.0.0.201904181610/tools/bin/../lib/gcc/arm-none-eabi/7.3.1/thumb/v6-m/libgcc.a(_udivsi3.o)
 .debug_frame   0x00000000000000c0       0x20 /opt/st/stm32cubeide_1.0.2/plugins/com.st.stm32cube.ide.mcu.externaltools.gnu-tools-for-stm32.7-2018-q2-update.linux64_1.0.0.201904181610/tools/bin/../lib/gcc/arm-none-eabi/7.3.1/thumb/v6-m/libgcc.a(_divsi3.o)
